2025-02-08 15:31:41,603 - INFO - Initial shape: (11994, 11)
2025-02-08 15:31:41,635 - INFO - Rows after removing invalid RR: 11277
2025-02-08 15:31:41,636 - INFO - Rows after filtering RR > 60: 10606
2025-02-08 15:31:41,642 - INFO - 
Feature Statistics:
2025-02-08 15:31:41,643 - INFO - 
Tavg:
2025-02-08 15:31:41,643 - INFO - Mean: 28.28
2025-02-08 15:31:41,643 - INFO - Std: 1.04
2025-02-08 15:31:41,643 - INFO - Min: 23.70
2025-02-08 15:31:41,643 - INFO - Max: 34.30
2025-02-08 15:31:41,644 - INFO - 
RH_avg:
2025-02-08 15:31:41,644 - INFO - Mean: 75.61
2025-02-08 15:31:41,644 - INFO - Std: 6.20
2025-02-08 15:31:41,644 - INFO - Min: 41.00
2025-02-08 15:31:41,644 - INFO - Max: 100.00
2025-02-08 15:31:41,645 - INFO - 
ss:
2025-02-08 15:31:41,646 - INFO - Mean: 4.17
2025-02-08 15:31:41,646 - INFO - Std: 2.67
2025-02-08 15:31:41,646 - INFO - Min: 0.00
2025-02-08 15:31:41,646 - INFO - Max: 11.00
2025-02-08 15:31:41,647 - INFO - 
ff_x:
2025-02-08 15:31:41,647 - INFO - Mean: 4.40
2025-02-08 15:31:41,647 - INFO - Std: 1.27
2025-02-08 15:31:41,647 - INFO - Min: 0.00
2025-02-08 15:31:41,649 - INFO - Max: 16.00
2025-02-08 15:31:41,649 - INFO - 
ddd_x:
2025-02-08 15:31:41,650 - INFO - Mean: 213.87
2025-02-08 15:31:41,650 - INFO - Std: 117.24
2025-02-08 15:31:41,650 - INFO - Min: 0.00
2025-02-08 15:31:41,651 - INFO - Max: 360.00
2025-02-08 15:31:41,652 - INFO - 
RR:
2025-02-08 15:31:41,652 - INFO - Mean: 4.53
2025-02-08 15:31:41,652 - INFO - Std: 9.98
2025-02-08 15:31:41,652 - INFO - Min: 0.00
2025-02-08 15:31:41,652 - INFO - Max: 60.00
2025-02-08 15:31:44,535 - INFO - MSE: 86.7972
2025-02-08 15:31:44,535 - INFO - RMSE: 9.3165
2025-02-08 15:31:44,535 - INFO - MAE: 4.0573
2025-02-08 15:31:44,535 - INFO - R2: 0.0956
2025-02-08 15:31:46,402 - INFO - 
Training completed successfully!
