2025-01-08 19:03:47,066 - INFO - Train Score: 0.2775, Test Score: -135.8094
2025-01-08 19:03:47,067 - ERROR - An error occurred: cannot unpack non-iterable float object
2025-01-08 19:04:45,937 - INFO - Train Score: 0.2712, Test Score: -139.8861
2025-01-08 19:04:45,938 - INFO - Final Test Score: -139.8861
2025-01-08 19:04:45,971 - INFO - Model saved to models/weather_model.pkl
2025-01-08 19:05:49,007 - INFO - 
Training Metrics:
2025-01-08 19:05:49,008 - INFO - MSE: 0.0952
2025-01-08 19:05:49,008 - INFO - RMSE: 0.3086
2025-01-08 19:05:49,008 - INFO - MAE: 0.2160
2025-01-08 19:05:49,008 - INFO - R2: 0.4347
2025-01-08 19:05:49,008 - INFO - MAPE: 464708995.6268
2025-01-08 19:05:49,008 - INFO - 
Test Metrics:
2025-01-08 19:05:49,009 - INFO - MSE: 0.1136
2025-01-08 19:05:49,009 - INFO - RMSE: 0.3370
2025-01-08 19:05:49,009 - INFO - MAE: 0.2435
2025-01-08 19:05:49,009 - INFO - R2: 0.3488
2025-01-08 19:05:49,009 - INFO - MAPE: 434121814.0572
2025-01-08 19:05:49,029 - INFO - Model saved to models/weather_model.pkl
2025-01-08 19:11:05,116 - INFO - 
Training Metrics:
2025-01-08 19:11:05,117 - INFO - MSE: 0.0952
2025-01-08 19:11:05,117 - INFO - RMSE: 0.3086
2025-01-08 19:11:05,117 - INFO - MAE: 0.2160
2025-01-08 19:11:05,117 - INFO - R2: 0.4347
2025-01-08 19:11:05,117 - INFO - MAPE: 464708995.6268
2025-01-08 19:11:05,117 - INFO - MAE_as_percentage_of_mean: 99.8567
2025-01-08 19:11:05,117 - INFO - 
Context Information:
2025-01-08 19:11:05,118 - INFO - Mean_Rainfall: 0.2163 mm
2025-01-08 19:11:05,118 - INFO - Max_Rainfall: 1.0000 mm
2025-01-08 19:11:05,118 - INFO - 
MAE Interpretation:
2025-01-08 19:11:05,118 - INFO - Poor: MAE is more than 50% of mean rainfall
2025-01-08 19:11:05,158 - INFO - Model saved to models/weather_model.pkl
2025-01-08 19:12:19,085 - INFO - 
Training Metrics:
2025-01-08 19:12:19,085 - INFO - MSE: 0.0974
2025-01-08 19:12:19,085 - INFO - RMSE: 0.3120
2025-01-08 19:12:19,085 - INFO - MAE: 0.2101
2025-01-08 19:12:19,085 - INFO - R2: 0.4235
2025-01-08 19:12:19,085 - INFO - MAPE: 385551240.9579
2025-01-08 19:12:19,086 - INFO - MAE_as_percentage_of_mean: 96.7998
2025-01-08 19:12:19,086 - INFO - 
Context Information:
2025-01-08 19:12:19,086 - INFO - Mean_Rainfall: 0.2170 mm
2025-01-08 19:12:19,086 - INFO - Max_Rainfall: 1.0000 mm
2025-01-08 19:12:19,086 - INFO - 
MAE Interpretation:
2025-01-08 19:12:19,086 - INFO - Poor: MAE is more than 50% of mean rainfall
2025-01-08 19:12:19,124 - INFO - Model saved to models/weather_model.pkl
2025-01-08 19:17:05,320 - INFO - 
Training Metrics:
2025-01-08 19:17:05,320 - INFO - MSE: 0.0974
2025-01-08 19:17:05,320 - INFO - RMSE: 0.3120
2025-01-08 19:17:05,320 - INFO - MAE: 0.2101
2025-01-08 19:17:05,321 - INFO - R2: 0.4235
2025-01-08 19:17:05,321 - INFO - MAPE: 385551240.9579
2025-01-08 19:17:05,321 - INFO - MAE_as_percentage_of_mean: 96.7998
2025-01-08 19:17:05,321 - INFO - 
Context Information:
2025-01-08 19:17:05,321 - INFO - Mean_Rainfall: 0.2170 mm
2025-01-08 19:17:05,321 - INFO - Max_Rainfall: 1.0000 mm
2025-01-08 19:17:05,321 - INFO - 
MAE Interpretation:
2025-01-08 19:17:05,321 - INFO - Poor: MAE is more than 50% of mean rainfall
2025-01-08 19:17:06,126 - INFO - Model saved to models/weather_model.pkl
2025-01-08 19:18:05,164 - INFO - 
Training Metrics:
2025-01-08 19:18:05,165 - INFO - MSE: 0.0959
2025-01-08 19:18:05,165 - INFO - RMSE: 0.3097
2025-01-08 19:18:05,165 - INFO - MAE: 0.2283
2025-01-08 19:18:05,165 - INFO - R2: 0.3744
2025-01-08 19:18:05,165 - INFO - MAPE: 484232074.8765
2025-01-08 19:18:05,165 - INFO - MAE_as_percentage_of_mean: 83.1885
2025-01-08 19:18:05,165 - INFO - 
Context Information:
2025-01-08 19:18:05,165 - INFO - Mean_Rainfall: 0.2744 mm
2025-01-08 19:18:05,166 - INFO - Max_Rainfall: 1.0000 mm
2025-01-08 19:18:05,166 - INFO - 
MAE Interpretation:
2025-01-08 19:18:05,166 - INFO - Poor: MAE is more than 50% of mean rainfall
2025-01-08 19:18:05,170 - INFO - Model saved to models/weather_model.pkl
2025-01-08 19:21:40,358 - INFO - 
Training Metrics:
2025-01-08 19:21:40,359 - INFO - MSE: 0.0959
2025-01-08 19:21:40,359 - INFO - RMSE: 0.3097
2025-01-08 19:21:40,359 - INFO - MAE: 0.2283
2025-01-08 19:21:40,359 - INFO - R2: 0.3744
2025-01-08 19:21:40,359 - INFO - MAPE: 484232074.8765
2025-01-08 19:21:40,359 - INFO - MAE_as_percentage_of_mean: 83.1885
2025-01-08 19:21:40,360 - INFO - 
Context Information:
2025-01-08 19:21:40,360 - INFO - Mean_Rainfall: 0.2744 mm
2025-01-08 19:21:40,360 - INFO - Max_Rainfall: 1.0000 mm
2025-01-08 19:21:40,360 - INFO - 
MAE Interpretation:
2025-01-08 19:21:40,360 - INFO - Poor: MAE is more than 50% of mean rainfall
2025-01-08 19:21:40,362 - INFO - Model saved to models/weather_model.pkl
2025-01-08 19:22:14,066 - INFO - 
Training Metrics:
2025-01-08 19:22:14,067 - INFO - MSE: 0.0952
2025-01-08 19:22:14,067 - INFO - RMSE: 0.3086
2025-01-08 19:22:14,067 - INFO - MAE: 0.2160
2025-01-08 19:22:14,067 - INFO - R2: 0.4347
2025-01-08 19:22:14,067 - INFO - MAPE: 464708995.6268
2025-01-08 19:22:14,067 - INFO - MAE_as_percentage_of_mean: 99.8567
2025-01-08 19:22:14,067 - INFO - 
Context Information:
2025-01-08 19:22:14,067 - INFO - Mean_Rainfall: 0.2163 mm
2025-01-08 19:22:14,067 - INFO - Max_Rainfall: 1.0000 mm
2025-01-08 19:22:14,068 - INFO - 
MAE Interpretation:
2025-01-08 19:22:14,068 - INFO - Poor: MAE is more than 50% of mean rainfall
2025-01-08 19:22:14,069 - INFO - Model saved to models/weather_model.pkl
2025-01-08 19:23:26,743 - INFO - 
Trial 1/20
2025-01-08 19:23:26,743 - INFO - Configuration: {'HIDDEN_LAYERS': [64, 32], 'LEARNING_RATE': 0.001, 'LOOKBACK_DAYS': 5}
2025-01-08 19:23:29,018 - INFO - 
Training Metrics:
2025-01-08 19:23:29,019 - INFO - MSE: 0.0952
2025-01-08 19:23:29,019 - INFO - RMSE: 0.3086
2025-01-08 19:23:29,019 - INFO - MAE: 0.2160
2025-01-08 19:23:29,019 - INFO - R2: 0.4347
2025-01-08 19:23:29,019 - INFO - MAPE: 464708995.6268
2025-01-08 19:23:29,019 - INFO - MAE_as_percentage_of_mean: 99.8567
2025-01-08 19:23:29,019 - INFO - 
Context Information:
2025-01-08 19:23:29,019 - INFO - Mean_Rainfall: 0.2163 mm
2025-01-08 19:23:29,020 - INFO - Max_Rainfall: 1.0000 mm
2025-01-08 19:23:29,020 - INFO - 
MAE Interpretation:
2025-01-08 19:23:29,020 - INFO - Poor: MAE is more than 50% of mean rainfall
2025-01-08 19:23:29,022 - INFO - Model saved to models/weather_model.pkl
2025-01-08 19:23:29,023 - INFO - 
New best model found!
2025-01-08 19:23:29,023 - INFO - MAE percentage: 107.22%
2025-01-08 19:23:29,023 - INFO - 
Trial 2/20
2025-01-08 19:23:29,023 - INFO - Configuration: {'HIDDEN_LAYERS': [64, 32, 16], 'LEARNING_RATE': 0.1, 'LOOKBACK_DAYS': 3}
2025-01-08 19:23:31,046 - INFO - 
Training Metrics:
2025-01-08 19:23:31,046 - INFO - MSE: 0.1027
2025-01-08 19:23:31,046 - INFO - RMSE: 0.3204
2025-01-08 19:23:31,046 - INFO - MAE: 0.2115
2025-01-08 19:23:31,046 - INFO - R2: 0.3935
2025-01-08 19:23:31,047 - INFO - MAPE: 445758060.0192
2025-01-08 19:23:31,047 - INFO - MAE_as_percentage_of_mean: 97.1192
2025-01-08 19:23:31,047 - INFO - 
Context Information:
2025-01-08 19:23:31,047 - INFO - Mean_Rainfall: 0.2178 mm
2025-01-08 19:23:31,047 - INFO - Max_Rainfall: 1.0000 mm
2025-01-08 19:23:31,048 - INFO - 
MAE Interpretation:
2025-01-08 19:23:31,048 - INFO - Poor: MAE is more than 50% of mean rainfall
2025-01-08 19:23:31,048 - INFO - 
Trial 3/20
2025-01-08 19:23:31,048 - INFO - Configuration: {'HIDDEN_LAYERS': [64, 32, 16], 'LEARNING_RATE': 0.01, 'LOOKBACK_DAYS': 3}
2025-01-08 19:23:33,088 - INFO - 
Training Metrics:
2025-01-08 19:23:33,088 - INFO - MSE: 0.0957
2025-01-08 19:23:33,088 - INFO - RMSE: 0.3094
2025-01-08 19:23:33,089 - INFO - MAE: 0.1952
2025-01-08 19:23:33,089 - INFO - R2: 0.4348
2025-01-08 19:23:33,089 - INFO - MAPE: 389717043.7119
2025-01-08 19:23:33,089 - INFO - MAE_as_percentage_of_mean: 89.6155
2025-01-08 19:23:33,089 - INFO - 
Context Information:
2025-01-08 19:23:33,090 - INFO - Mean_Rainfall: 0.2178 mm
2025-01-08 19:23:33,090 - INFO - Max_Rainfall: 1.0000 mm
2025-01-08 19:23:33,090 - INFO - 
MAE Interpretation:
2025-01-08 19:23:33,090 - INFO - Poor: MAE is more than 50% of mean rainfall
2025-01-08 19:23:33,093 - INFO - Model saved to models/weather_model.pkl
2025-01-08 19:23:33,093 - INFO - 
New best model found!
2025-01-08 19:23:33,093 - INFO - MAE percentage: 105.40%
2025-01-08 19:23:33,093 - INFO - 
Trial 4/20
2025-01-08 19:23:33,094 - INFO - Configuration: {'HIDDEN_LAYERS': [32, 32, 32], 'LEARNING_RATE': 0.1, 'LOOKBACK_DAYS': 3}
2025-01-08 19:23:35,158 - INFO - 
Training Metrics:
2025-01-08 19:23:35,158 - INFO - MSE: 0.1095
2025-01-08 19:23:35,158 - INFO - RMSE: 0.3308
2025-01-08 19:23:35,158 - INFO - MAE: 0.2299
2025-01-08 19:23:35,158 - INFO - R2: 0.3535
2025-01-08 19:23:35,159 - INFO - MAPE: 459704886.3367
2025-01-08 19:23:35,159 - INFO - MAE_as_percentage_of_mean: 105.5807
2025-01-08 19:23:35,159 - INFO - 
Context Information:
2025-01-08 19:23:35,159 - INFO - Mean_Rainfall: 0.2178 mm
2025-01-08 19:23:35,159 - INFO - Max_Rainfall: 1.0000 mm
2025-01-08 19:23:35,159 - INFO - 
MAE Interpretation:
2025-01-08 19:23:35,159 - INFO - Poor: MAE is more than 50% of mean rainfall
2025-01-08 19:23:35,160 - INFO - 
Trial 5/20
2025-01-08 19:23:35,160 - INFO - Configuration: {'HIDDEN_LAYERS': [32, 32, 32], 'LEARNING_RATE': 0.01, 'LOOKBACK_DAYS': 10}
2025-01-08 19:23:37,085 - INFO - 
Training Metrics:
2025-01-08 19:23:37,085 - INFO - MSE: 0.0993
2025-01-08 19:23:37,086 - INFO - RMSE: 0.3152
2025-01-08 19:23:37,086 - INFO - MAE: 0.1947
2025-01-08 19:23:37,086 - INFO - R2: 0.4120
2025-01-08 19:23:37,086 - INFO - MAPE: 322547012.2576
2025-01-08 19:23:37,086 - INFO - MAE_as_percentage_of_mean: 89.6926
2025-01-08 19:23:37,086 - INFO - 
Context Information:
2025-01-08 19:23:37,086 - INFO - Mean_Rainfall: 0.2171 mm
2025-01-08 19:23:37,086 - INFO - Max_Rainfall: 1.0000 mm
2025-01-08 19:23:37,086 - INFO - 
MAE Interpretation:
2025-01-08 19:23:37,086 - INFO - Poor: MAE is more than 50% of mean rainfall
2025-01-08 19:23:37,119 - INFO - Model saved to models/weather_model.pkl
2025-01-08 19:23:37,119 - INFO - 
New best model found!
2025-01-08 19:23:37,120 - INFO - MAE percentage: 96.42%
2025-01-08 19:23:37,120 - INFO - 
Trial 6/20
2025-01-08 19:23:37,120 - INFO - Configuration: {'HIDDEN_LAYERS': [128, 64], 'LEARNING_RATE': 0.001, 'LOOKBACK_DAYS': 7}
2025-01-08 19:23:39,299 - INFO - 
Training Metrics:
2025-01-08 19:23:39,299 - INFO - MSE: 0.1004
2025-01-08 19:23:39,300 - INFO - RMSE: 0.3168
2025-01-08 19:23:39,300 - INFO - MAE: 0.2182
2025-01-08 19:23:39,300 - INFO - R2: 0.4061
2025-01-08 19:23:39,300 - INFO - MAPE: 438092828.4627
2025-01-08 19:23:39,300 - INFO - MAE_as_percentage_of_mean: 100.4634
2025-01-08 19:23:39,300 - INFO - 
Context Information:
2025-01-08 19:23:39,300 - INFO - Mean_Rainfall: 0.2172 mm
2025-01-08 19:23:39,300 - INFO - Max_Rainfall: 1.0000 mm
2025-01-08 19:23:39,301 - INFO - 
MAE Interpretation:
2025-01-08 19:23:39,301 - INFO - Poor: MAE is more than 50% of mean rainfall
2025-01-08 19:23:39,301 - INFO - 
Trial 7/20
2025-01-08 19:23:39,301 - INFO - Configuration: {'HIDDEN_LAYERS': [128, 64], 'LEARNING_RATE': 0.1, 'LOOKBACK_DAYS': 7}
2025-01-08 19:23:41,565 - INFO - 
Training Metrics:
2025-01-08 19:23:41,565 - INFO - MSE: 0.1023
2025-01-08 19:23:41,565 - INFO - RMSE: 0.3199
2025-01-08 19:23:41,565 - INFO - MAE: 0.2054
2025-01-08 19:23:41,565 - INFO - R2: 0.3944
2025-01-08 19:23:41,565 - INFO - MAPE: 377843412.2751
2025-01-08 19:23:41,565 - INFO - MAE_as_percentage_of_mean: 94.5608
2025-01-08 19:23:41,566 - INFO - 
Context Information:
2025-01-08 19:23:41,566 - INFO - Mean_Rainfall: 0.2172 mm
2025-01-08 19:23:41,566 - INFO - Max_Rainfall: 1.0000 mm
2025-01-08 19:23:41,566 - INFO - 
MAE Interpretation:
2025-01-08 19:23:41,566 - INFO - Poor: MAE is more than 50% of mean rainfall
2025-01-08 19:23:41,566 - INFO - 
Trial 8/20
2025-01-08 19:23:41,566 - INFO - Configuration: {'HIDDEN_LAYERS': [64, 32, 16], 'LEARNING_RATE': 0.01, 'LOOKBACK_DAYS': 5}
2025-01-08 19:23:43,557 - INFO - 
Training Metrics:
2025-01-08 19:23:43,557 - INFO - MSE: 0.0962
2025-01-08 19:23:43,557 - INFO - RMSE: 0.3101
2025-01-08 19:23:43,557 - INFO - MAE: 0.2021
2025-01-08 19:23:43,557 - INFO - R2: 0.4291
2025-01-08 19:23:43,557 - INFO - MAPE: 373031663.9923
2025-01-08 19:23:43,558 - INFO - MAE_as_percentage_of_mean: 93.4320
2025-01-08 19:23:43,558 - INFO - 
Context Information:
2025-01-08 19:23:43,558 - INFO - Mean_Rainfall: 0.2163 mm
2025-01-08 19:23:43,558 - INFO - Max_Rainfall: 1.0000 mm
2025-01-08 19:23:43,558 - INFO - 
MAE Interpretation:
2025-01-08 19:23:43,558 - INFO - Poor: MAE is more than 50% of mean rainfall
2025-01-08 19:23:43,559 - INFO - Model saved to models/weather_model.pkl
2025-01-08 19:23:43,560 - INFO - 
New best model found!
2025-01-08 19:23:43,560 - INFO - MAE percentage: 95.41%
2025-01-08 19:23:43,560 - INFO - 
Trial 9/20
2025-01-08 19:23:43,560 - INFO - Configuration: {'HIDDEN_LAYERS': [32, 16], 'LEARNING_RATE': 0.0001, 'LOOKBACK_DAYS': 10}
2025-01-08 19:23:46,497 - INFO - 
Training Metrics:
2025-01-08 19:23:46,498 - INFO - MSE: 0.1019
2025-01-08 19:23:46,498 - INFO - RMSE: 0.3193
2025-01-08 19:23:46,498 - INFO - MAE: 0.2126
2025-01-08 19:23:46,498 - INFO - R2: 0.3966
2025-01-08 19:23:46,499 - INFO - MAPE: 379703186.8521
2025-01-08 19:23:46,499 - INFO - MAE_as_percentage_of_mean: 97.9340
2025-01-08 19:23:46,499 - INFO - 
Context Information:
2025-01-08 19:23:46,499 - INFO - Mean_Rainfall: 0.2171 mm
2025-01-08 19:23:46,499 - INFO - Max_Rainfall: 1.0000 mm
2025-01-08 19:23:46,499 - INFO - 
MAE Interpretation:
2025-01-08 19:23:46,499 - INFO - Poor: MAE is more than 50% of mean rainfall
2025-01-08 19:23:46,500 - INFO - 
Trial 10/20
2025-01-08 19:23:46,500 - INFO - Configuration: {'HIDDEN_LAYERS': [32, 32, 32], 'LEARNING_RATE': 0.1, 'LOOKBACK_DAYS': 7}
2025-01-08 19:23:48,454 - INFO - 
Training Metrics:
2025-01-08 19:23:48,454 - INFO - MSE: 0.1020
2025-01-08 19:23:48,455 - INFO - RMSE: 0.3193
2025-01-08 19:23:48,455 - INFO - MAE: 0.2072
2025-01-08 19:23:48,455 - INFO - R2: 0.3967
2025-01-08 19:23:48,455 - INFO - MAPE: 352598102.2430
2025-01-08 19:23:48,455 - INFO - MAE_as_percentage_of_mean: 95.3908
2025-01-08 19:23:48,455 - INFO - 
Context Information:
2025-01-08 19:23:48,455 - INFO - Mean_Rainfall: 0.2172 mm
2025-01-08 19:23:48,455 - INFO - Max_Rainfall: 1.0000 mm
2025-01-08 19:23:48,456 - INFO - 
MAE Interpretation:
2025-01-08 19:23:48,456 - INFO - Poor: MAE is more than 50% of mean rainfall
2025-01-08 19:23:48,456 - INFO - 
Trial 11/20
2025-01-08 19:23:48,456 - INFO - Configuration: {'HIDDEN_LAYERS': [128, 64, 32], 'LEARNING_RATE': 0.001, 'LOOKBACK_DAYS': 5}
2025-01-08 19:23:50,742 - INFO - 
Training Metrics:
2025-01-08 19:23:50,743 - INFO - MSE: 0.1010
2025-01-08 19:23:50,743 - INFO - RMSE: 0.3179
2025-01-08 19:23:50,743 - INFO - MAE: 0.2190
2025-01-08 19:23:50,743 - INFO - R2: 0.4003
2025-01-08 19:23:50,743 - INFO - MAPE: 427691000.2531
2025-01-08 19:23:50,743 - INFO - MAE_as_percentage_of_mean: 101.2573
2025-01-08 19:23:50,743 - INFO - 
Context Information:
2025-01-08 19:23:50,743 - INFO - Mean_Rainfall: 0.2163 mm
2025-01-08 19:23:50,743 - INFO - Max_Rainfall: 1.0000 mm
2025-01-08 19:23:50,744 - INFO - 
MAE Interpretation:
2025-01-08 19:23:50,744 - INFO - Poor: MAE is more than 50% of mean rainfall
2025-01-08 19:23:50,744 - INFO - 
Trial 12/20
2025-01-08 19:23:50,744 - INFO - Configuration: {'HIDDEN_LAYERS': [256, 128, 64], 'LEARNING_RATE': 0.001, 'LOOKBACK_DAYS': 10}
2025-01-08 19:23:54,095 - INFO - 
Training Metrics:
2025-01-08 19:23:54,096 - INFO - MSE: 0.0710
2025-01-08 19:23:54,096 - INFO - RMSE: 0.2665
2025-01-08 19:23:54,096 - INFO - MAE: 0.1713
2025-01-08 19:23:54,096 - INFO - R2: 0.5796
2025-01-08 19:23:54,096 - INFO - MAPE: 341387675.4256
2025-01-08 19:23:54,096 - INFO - MAE_as_percentage_of_mean: 78.9115
2025-01-08 19:23:54,096 - INFO - 
Context Information:
2025-01-08 19:23:54,096 - INFO - Mean_Rainfall: 0.2171 mm
2025-01-08 19:23:54,096 - INFO - Max_Rainfall: 1.0000 mm
2025-01-08 19:23:54,097 - INFO - 
MAE Interpretation:
2025-01-08 19:23:54,097 - INFO - Poor: MAE is more than 50% of mean rainfall
2025-01-08 19:23:54,097 - INFO - 
Trial 13/20
2025-01-08 19:23:54,097 - INFO - Configuration: {'HIDDEN_LAYERS': [128, 64], 'LEARNING_RATE': 0.001, 'LOOKBACK_DAYS': 7}
2025-01-08 19:23:56,292 - INFO - 
Training Metrics:
2025-01-08 19:23:56,293 - INFO - MSE: 0.1004
2025-01-08 19:23:56,293 - INFO - RMSE: 0.3168
2025-01-08 19:23:56,293 - INFO - MAE: 0.2182
2025-01-08 19:23:56,293 - INFO - R2: 0.4061
2025-01-08 19:23:56,293 - INFO - MAPE: 438092828.4627
2025-01-08 19:23:56,293 - INFO - MAE_as_percentage_of_mean: 100.4634
2025-01-08 19:23:56,293 - INFO - 
Context Information:
2025-01-08 19:23:56,293 - INFO - Mean_Rainfall: 0.2172 mm
2025-01-08 19:23:56,293 - INFO - Max_Rainfall: 1.0000 mm
2025-01-08 19:23:56,293 - INFO - 
MAE Interpretation:
2025-01-08 19:23:56,293 - INFO - Poor: MAE is more than 50% of mean rainfall
2025-01-08 19:23:56,294 - INFO - 
Trial 14/20
2025-01-08 19:23:56,294 - INFO - Configuration: {'HIDDEN_LAYERS': [32, 16], 'LEARNING_RATE': 0.0001, 'LOOKBACK_DAYS': 10}
2025-01-08 19:23:59,267 - INFO - 
Training Metrics:
2025-01-08 19:23:59,267 - INFO - MSE: 0.1019
2025-01-08 19:23:59,268 - INFO - RMSE: 0.3193
2025-01-08 19:23:59,268 - INFO - MAE: 0.2126
2025-01-08 19:23:59,268 - INFO - R2: 0.3966
2025-01-08 19:23:59,268 - INFO - MAPE: 379703186.8521
2025-01-08 19:23:59,268 - INFO - MAE_as_percentage_of_mean: 97.9340
2025-01-08 19:23:59,268 - INFO - 
Context Information:
2025-01-08 19:23:59,268 - INFO - Mean_Rainfall: 0.2171 mm
2025-01-08 19:23:59,268 - INFO - Max_Rainfall: 1.0000 mm
2025-01-08 19:23:59,268 - INFO - 
MAE Interpretation:
2025-01-08 19:23:59,268 - INFO - Poor: MAE is more than 50% of mean rainfall
2025-01-08 19:23:59,269 - INFO - 
Trial 15/20
2025-01-08 19:23:59,269 - INFO - Configuration: {'HIDDEN_LAYERS': [128, 64], 'LEARNING_RATE': 0.01, 'LOOKBACK_DAYS': 7}
2025-01-08 19:24:01,654 - INFO - 
Training Metrics:
2025-01-08 19:24:01,655 - INFO - MSE: 0.0963
2025-01-08 19:24:01,655 - INFO - RMSE: 0.3102
2025-01-08 19:24:01,655 - INFO - MAE: 0.2099
2025-01-08 19:24:01,655 - INFO - R2: 0.4305
2025-01-08 19:24:01,655 - INFO - MAPE: 424067225.3898
2025-01-08 19:24:01,656 - INFO - MAE_as_percentage_of_mean: 96.6251
2025-01-08 19:24:01,656 - INFO - 
Context Information:
2025-01-08 19:24:01,656 - INFO - Mean_Rainfall: 0.2172 mm
2025-01-08 19:24:01,656 - INFO - Max_Rainfall: 1.0000 mm
2025-01-08 19:24:01,656 - INFO - 
MAE Interpretation:
2025-01-08 19:24:01,656 - INFO - Poor: MAE is more than 50% of mean rainfall
2025-01-08 19:24:01,656 - INFO - 
Trial 16/20
2025-01-08 19:24:01,656 - INFO - Configuration: {'HIDDEN_LAYERS': [256, 128, 64], 'LEARNING_RATE': 0.0001, 'LOOKBACK_DAYS': 14}
2025-01-08 19:24:05,690 - INFO - 
Training Metrics:
2025-01-08 19:24:05,691 - INFO - MSE: 0.0871
2025-01-08 19:24:05,691 - INFO - RMSE: 0.2951
2025-01-08 19:24:05,691 - INFO - MAE: 0.1965
2025-01-08 19:24:05,691 - INFO - R2: 0.4843
2025-01-08 19:24:05,691 - INFO - MAPE: 375582830.0384
2025-01-08 19:24:05,691 - INFO - MAE_as_percentage_of_mean: 90.5422
2025-01-08 19:24:05,691 - INFO - 
Context Information:
2025-01-08 19:24:05,691 - INFO - Mean_Rainfall: 0.2170 mm
2025-01-08 19:24:05,691 - INFO - Max_Rainfall: 1.0000 mm
2025-01-08 19:24:05,691 - INFO - 
MAE Interpretation:
2025-01-08 19:24:05,691 - INFO - Poor: MAE is more than 50% of mean rainfall
2025-01-08 19:24:05,692 - INFO - 
Trial 17/20
2025-01-08 19:24:05,692 - INFO - Configuration: {'HIDDEN_LAYERS': [256, 128, 64], 'LEARNING_RATE': 0.1, 'LOOKBACK_DAYS': 3}
2025-01-08 19:24:09,238 - INFO - 
Training Metrics:
2025-01-08 19:24:09,258 - INFO - MSE: 0.1079
2025-01-08 19:24:09,258 - INFO - RMSE: 0.3284
2025-01-08 19:24:09,258 - INFO - MAE: 0.2156
2025-01-08 19:24:09,258 - INFO - R2: 0.3630
2025-01-08 19:24:09,258 - INFO - MAPE: 427549589.2700
2025-01-08 19:24:09,259 - INFO - MAE_as_percentage_of_mean: 99.0111
2025-01-08 19:24:09,259 - INFO - 
Context Information:
2025-01-08 19:24:09,259 - INFO - Mean_Rainfall: 0.2178 mm
2025-01-08 19:24:09,259 - INFO - Max_Rainfall: 1.0000 mm
2025-01-08 19:24:09,259 - INFO - 
MAE Interpretation:
2025-01-08 19:24:09,259 - INFO - Poor: MAE is more than 50% of mean rainfall
2025-01-08 19:24:09,259 - INFO - 
Trial 18/20
2025-01-08 19:24:09,259 - INFO - Configuration: {'HIDDEN_LAYERS': [32, 32, 32], 'LEARNING_RATE': 0.1, 'LOOKBACK_DAYS': 14}
2025-01-08 19:24:11,078 - INFO - 
Training Metrics:
2025-01-08 19:24:11,079 - INFO - MSE: 0.1689
2025-01-08 19:24:11,079 - INFO - RMSE: 0.4110
2025-01-08 19:24:11,079 - INFO - MAE: 0.3422
2025-01-08 19:24:11,079 - INFO - R2: -0.0003
2025-01-08 19:24:11,079 - INFO - MAPE: 747791794.8607
2025-01-08 19:24:11,079 - INFO - MAE_as_percentage_of_mean: 157.6716
2025-01-08 19:24:11,079 - INFO - 
Context Information:
2025-01-08 19:24:11,079 - INFO - Mean_Rainfall: 0.2170 mm
2025-01-08 19:24:11,080 - INFO - Max_Rainfall: 1.0000 mm
2025-01-08 19:24:11,080 - INFO - 
MAE Interpretation:
2025-01-08 19:24:11,080 - INFO - Poor: MAE is more than 50% of mean rainfall
2025-01-08 19:24:11,080 - INFO - 
Trial 19/20
2025-01-08 19:24:11,080 - INFO - Configuration: {'HIDDEN_LAYERS': [256, 128, 64], 'LEARNING_RATE': 0.1, 'LOOKBACK_DAYS': 3}
2025-01-08 19:24:14,571 - INFO - 
Training Metrics:
2025-01-08 19:24:14,572 - INFO - MSE: 0.1079
2025-01-08 19:24:14,572 - INFO - RMSE: 0.3284
2025-01-08 19:24:14,572 - INFO - MAE: 0.2156
2025-01-08 19:24:14,572 - INFO - R2: 0.3630
2025-01-08 19:24:14,572 - INFO - MAPE: 427549589.2700
2025-01-08 19:24:14,572 - INFO - MAE_as_percentage_of_mean: 99.0111
2025-01-08 19:24:14,572 - INFO - 
Context Information:
2025-01-08 19:24:14,572 - INFO - Mean_Rainfall: 0.2178 mm
2025-01-08 19:24:14,572 - INFO - Max_Rainfall: 1.0000 mm
2025-01-08 19:24:14,573 - INFO - 
MAE Interpretation:
2025-01-08 19:24:14,573 - INFO - Poor: MAE is more than 50% of mean rainfall
2025-01-08 19:24:14,573 - INFO - 
Trial 20/20
2025-01-08 19:24:14,573 - INFO - Configuration: {'HIDDEN_LAYERS': [128, 64], 'LEARNING_RATE': 0.1, 'LOOKBACK_DAYS': 10}
2025-01-08 19:24:16,591 - INFO - 
Training Metrics:
2025-01-08 19:24:16,591 - INFO - MSE: 0.1691
2025-01-08 19:24:16,591 - INFO - RMSE: 0.4112
2025-01-08 19:24:16,591 - INFO - MAE: 0.3449
2025-01-08 19:24:16,591 - INFO - R2: -0.0008
2025-01-08 19:24:16,592 - INFO - MAPE: 764405090.9716
2025-01-08 19:24:16,592 - INFO - MAE_as_percentage_of_mean: 158.8632
2025-01-08 19:24:16,592 - INFO - 
Context Information:
2025-01-08 19:24:16,592 - INFO - Mean_Rainfall: 0.2171 mm
2025-01-08 19:24:16,592 - INFO - Max_Rainfall: 1.0000 mm
2025-01-08 19:24:16,592 - INFO - 
MAE Interpretation:
2025-01-08 19:24:16,592 - INFO - Poor: MAE is more than 50% of mean rainfall
2025-01-08 19:24:16,593 - INFO - 
Optimization completed without reaching target.
2025-01-08 19:24:16,594 - INFO - Using best found configuration:
2025-01-08 19:24:16,594 - INFO - 
Best Configuration:
2025-01-08 19:24:16,594 - INFO - HIDDEN_LAYERS: [64, 32, 16]
2025-01-08 19:24:16,594 - INFO - LEARNING_RATE: 0.01
2025-01-08 19:24:16,594 - INFO - LOOKBACK_DAYS: 5
2025-01-08 19:24:16,594 - INFO - 
Best Metrics:
2025-01-08 19:24:16,594 - INFO - MSE: 0.1060
2025-01-08 19:24:16,595 - INFO - RMSE: 0.3256
2025-01-08 19:24:16,595 - INFO - MAE: 0.2166
2025-01-08 19:24:16,595 - INFO - R2: 0.3922
2025-01-08 19:24:16,595 - INFO - MAPE: 354506792.0597
2025-01-08 19:24:16,595 - INFO - MAE_as_percentage_of_mean: 95.4092
2025-01-08 19:24:16,595 - INFO - 
Context Information:
2025-01-08 19:24:16,595 - INFO - Mean_Rainfall: 0.2271 mm
2025-01-08 19:24:16,595 - INFO - Max_Rainfall: 1.0000 mm
2025-01-08 19:24:18,188 - ERROR - An error occurred: X has 100 features, but MLPRegressor is expecting 50 features as input.
2025-01-08 19:46:19,326 - INFO - 
Trial 1/20
2025-01-08 19:46:19,326 - INFO - Configuration: {'HIDDEN_LAYERS': [64, 32], 'LEARNING_RATE': 0.001, 'LOOKBACK_DAYS': 5}
2025-01-08 19:46:20,842 - INFO - Model saved to models/weather_model.pkl
2025-01-08 19:46:20,842 - INFO - 
New best model found!
2025-01-08 19:46:20,842 - INFO - MAE percentage: 107.22%
2025-01-08 19:46:20,842 - INFO - 
Trial 2/20
2025-01-08 19:46:20,842 - INFO - Configuration: {'HIDDEN_LAYERS': [512, 256, 128, 64], 'LEARNING_RATE': 0.01, 'LOOKBACK_DAYS': 21}
2025-01-08 19:46:27,270 - INFO - Model saved to models/weather_model.pkl
2025-01-08 19:46:27,271 - INFO - 
New best model found!
2025-01-08 19:46:27,271 - INFO - MAE percentage: 95.24%
2025-01-08 19:46:27,271 - INFO - 
Trial 3/20
2025-01-08 19:46:27,272 - INFO - Configuration: {'HIDDEN_LAYERS': [128, 64], 'LEARNING_RATE': 0.01, 'LOOKBACK_DAYS': 30}
2025-01-08 19:46:29,390 - INFO - Model saved to models/weather_model.pkl
2025-01-08 19:46:29,391 - INFO - 
New best model found!
2025-01-08 19:46:29,391 - INFO - MAE percentage: 85.03%
2025-01-08 19:46:29,392 - INFO - 
Trial 4/20
2025-01-08 19:46:29,392 - INFO - Configuration: {'HIDDEN_LAYERS': [64, 64, 64], 'LEARNING_RATE': 0.01, 'LOOKBACK_DAYS': 3}
2025-01-08 19:46:30,831 - INFO - 
Trial 5/20
2025-01-08 19:46:30,831 - INFO - Configuration: {'HIDDEN_LAYERS': [128, 64], 'LEARNING_RATE': 1e-05, 'LOOKBACK_DAYS': 5}
2025-01-08 19:46:38,340 - INFO - 
Trial 6/20
2025-01-08 19:46:38,341 - INFO - Configuration: {'HIDDEN_LAYERS': [32, 32, 32], 'LEARNING_RATE': 0.1, 'LOOKBACK_DAYS': 30}
2025-01-08 19:46:39,674 - INFO - 
Trial 7/20
2025-01-08 19:46:39,674 - INFO - Configuration: {'HIDDEN_LAYERS': [128, 128, 64], 'LEARNING_RATE': 0.01, 'LOOKBACK_DAYS': 30}
2025-01-08 19:46:41,311 - INFO - 
Trial 8/20
2025-01-08 19:46:41,311 - INFO - Configuration: {'HIDDEN_LAYERS': [256, 128, 64], 'LEARNING_RATE': 0.01, 'LOOKBACK_DAYS': 14}
2025-01-08 19:46:43,902 - INFO - 
Trial 9/20
2025-01-08 19:46:43,902 - INFO - Configuration: {'HIDDEN_LAYERS': [512, 256, 128, 64], 'LEARNING_RATE': 0.1, 'LOOKBACK_DAYS': 30}
2025-01-08 19:46:47,539 - INFO - 
Trial 10/20
2025-01-08 19:46:47,539 - INFO - Configuration: {'HIDDEN_LAYERS': [128, 128, 64], 'LEARNING_RATE': 0.001, 'LOOKBACK_DAYS': 21}
2025-01-08 19:46:49,464 - INFO - 
Trial 11/20
2025-01-08 19:46:49,464 - INFO - Configuration: {'HIDDEN_LAYERS': [512, 256, 128, 64], 'LEARNING_RATE': 0.1, 'LOOKBACK_DAYS': 10}
2025-01-08 19:46:55,111 - INFO - 
Trial 12/20
2025-01-08 19:46:55,112 - INFO - Configuration: {'HIDDEN_LAYERS': [128, 64, 32], 'LEARNING_RATE': 0.1, 'LOOKBACK_DAYS': 7}
2025-01-08 19:46:56,814 - INFO - 
Trial 13/20
2025-01-08 19:46:56,815 - INFO - Configuration: {'HIDDEN_LAYERS': [256, 128, 64, 32], 'LEARNING_RATE': 0.001, 'LOOKBACK_DAYS': 14}
2025-01-08 19:46:59,137 - INFO - 
Trial 14/20
2025-01-08 19:46:59,138 - INFO - Configuration: {'HIDDEN_LAYERS': [32, 16], 'LEARNING_RATE': 0.0001, 'LOOKBACK_DAYS': 5}
2025-01-08 19:47:02,104 - INFO - 
Trial 15/20
2025-01-08 19:47:02,104 - INFO - Configuration: {'HIDDEN_LAYERS': [32, 32, 32], 'LEARNING_RATE': 0.001, 'LOOKBACK_DAYS': 5}
2025-01-08 19:47:03,527 - INFO - 
Trial 16/20
2025-01-08 19:47:03,527 - INFO - Configuration: {'HIDDEN_LAYERS': [128, 64, 32], 'LEARNING_RATE': 0.1, 'LOOKBACK_DAYS': 3}
2025-01-08 19:47:05,318 - INFO - 
Trial 17/20
2025-01-08 19:47:05,318 - INFO - Configuration: {'HIDDEN_LAYERS': [256, 128, 64], 'LEARNING_RATE': 0.1, 'LOOKBACK_DAYS': 10}
2025-01-08 19:47:08,474 - INFO - 
Trial 18/20
2025-01-08 19:47:08,475 - INFO - Configuration: {'HIDDEN_LAYERS': [32, 16], 'LEARNING_RATE': 0.001, 'LOOKBACK_DAYS': 3}
2025-01-08 19:47:10,270 - INFO - 
Trial 19/20
2025-01-08 19:47:10,271 - INFO - Configuration: {'HIDDEN_LAYERS': [64, 64, 64], 'LEARNING_RATE': 0.01, 'LOOKBACK_DAYS': 5}
2025-01-08 19:47:11,981 - INFO - 
Trial 20/20
2025-01-08 19:47:11,982 - INFO - Configuration: {'HIDDEN_LAYERS': [32, 16], 'LEARNING_RATE': 1e-05, 'LOOKBACK_DAYS': 14}
2025-01-08 19:47:17,332 - INFO - 
Optimization completed without reaching target.
2025-01-08 19:47:17,332 - INFO - Using best found configuration:
2025-01-08 19:47:17,332 - INFO - 
Best Configuration:
2025-01-08 19:47:17,332 - INFO - HIDDEN_LAYERS: [128, 64]
2025-01-08 19:47:17,332 - INFO - LEARNING_RATE: 0.01
2025-01-08 19:47:17,333 - INFO - LOOKBACK_DAYS: 30
2025-01-08 19:47:17,333 - INFO - 
Best Metrics:
2025-01-08 19:47:17,333 - INFO - MSE: 0.1137
2025-01-08 19:47:17,333 - INFO - RMSE: 0.3371
2025-01-08 19:47:17,333 - INFO - MAE: 0.2147
2025-01-08 19:47:17,333 - INFO - R2: 0.3937
2025-01-08 19:47:17,333 - INFO - MAPE: 274655278.1591
2025-01-08 19:47:17,333 - INFO - MAE_as_percentage_of_mean: 85.0316
2025-01-08 19:47:17,333 - INFO - 
Context Information:
2025-01-08 19:47:17,333 - INFO - Mean_Rainfall: 0.2524 mm
2025-01-08 19:47:17,333 - INFO - Max_Rainfall: 1.0000 mm
2025-01-08 19:47:18,823 - ERROR - An error occurred: X has 140 features, but MLPRegressor is expecting 300 features as input.
2025-01-08 19:48:50,901 - INFO - 
Trial 1/20
2025-01-08 19:48:50,901 - INFO - Configuration: {'HIDDEN_LAYERS': [64, 32], 'LEARNING_RATE': 0.001, 'LOOKBACK_DAYS': 5}
2025-01-08 19:48:52,643 - INFO - Model saved to models/weather_model.pkl
2025-01-08 19:48:52,643 - INFO - 
New best model found!
2025-01-08 19:48:52,643 - INFO - MAE percentage: 107.22%
2025-01-08 19:48:52,643 - INFO - 
Trial 2/20
2025-01-08 19:48:52,643 - INFO - Configuration: {'HIDDEN_LAYERS': [64, 32, 16], 'LEARNING_RATE': 0.001, 'LOOKBACK_DAYS': 7}
2025-01-08 19:48:54,096 - INFO - 
Trial 3/20
2025-01-08 19:48:54,097 - INFO - Configuration: {'HIDDEN_LAYERS': [512, 256, 128], 'LEARNING_RATE': 0.001, 'LOOKBACK_DAYS': 10}
2025-01-08 19:48:57,834 - INFO - Model saved to models/weather_model.pkl
2025-01-08 19:48:57,835 - INFO - 
New best model found!
2025-01-08 19:48:57,835 - INFO - MAE percentage: 94.79%
2025-01-08 19:48:57,835 - INFO - 
Trial 4/20
2025-01-08 19:48:57,835 - INFO - Configuration: {'HIDDEN_LAYERS': [128, 128, 128, 64], 'LEARNING_RATE': 0.005, 'LOOKBACK_DAYS': 10}
2025-01-08 19:48:59,749 - INFO - 
Trial 5/20
2025-01-08 19:48:59,749 - INFO - Configuration: {'HIDDEN_LAYERS': [128, 128, 128, 64], 'LEARNING_RATE': 0.0005, 'LOOKBACK_DAYS': 30}
2025-01-08 19:49:02,006 - INFO - Model saved to models/weather_model.pkl
2025-01-08 19:49:02,006 - INFO - 
New best model found!
2025-01-08 19:49:02,006 - INFO - MAE percentage: 94.07%
2025-01-08 19:49:02,006 - INFO - 
Trial 6/20
2025-01-08 19:49:02,007 - INFO - Configuration: {'HIDDEN_LAYERS': [256, 256, 128, 64], 'LEARNING_RATE': 0.05, 'LOOKBACK_DAYS': 7}
2025-01-08 19:49:06,156 - INFO - 
Trial 7/20
2025-01-08 19:49:06,156 - INFO - Configuration: {'HIDDEN_LAYERS': [64, 64, 64, 64], 'LEARNING_RATE': 0.01, 'LOOKBACK_DAYS': 60}
2025-01-08 19:49:08,013 - INFO - 
Trial 8/20
2025-01-08 19:49:08,013 - INFO - Configuration: {'HIDDEN_LAYERS': [256, 256, 128, 64], 'LEARNING_RATE': 0.1, 'LOOKBACK_DAYS': 14}
2025-01-08 19:49:10,229 - INFO - 
Trial 9/20
2025-01-08 19:49:10,229 - INFO - Configuration: {'HIDDEN_LAYERS': [32, 16], 'LEARNING_RATE': 0.01, 'LOOKBACK_DAYS': 14}
2025-01-08 19:49:11,702 - INFO - 
Trial 10/20
2025-01-08 19:49:11,703 - INFO - Configuration: {'HIDDEN_LAYERS': [128, 128, 128, 64], 'LEARNING_RATE': 0.1, 'LOOKBACK_DAYS': 10}
2025-01-08 19:49:16,668 - INFO - 
Trial 11/20
2025-01-08 19:49:16,669 - INFO - Configuration: {'HIDDEN_LAYERS': [256, 256, 128, 64], 'LEARNING_RATE': 0.0001, 'LOOKBACK_DAYS': 10}
2025-01-08 19:49:20,604 - INFO - 
Trial 12/20
2025-01-08 19:49:20,604 - INFO - Configuration: {'HIDDEN_LAYERS': [128, 64, 32], 'LEARNING_RATE': 0.005, 'LOOKBACK_DAYS': 30}
2025-01-08 19:49:22,438 - INFO - 
Trial 13/20
2025-01-08 19:49:22,439 - INFO - Configuration: {'HIDDEN_LAYERS': [32, 16], 'LEARNING_RATE': 0.05, 'LOOKBACK_DAYS': 3}
2025-01-08 19:49:23,807 - INFO - 
Trial 14/20
2025-01-08 19:49:23,808 - INFO - Configuration: {'HIDDEN_LAYERS': [128, 128, 128, 64], 'LEARNING_RATE': 0.001, 'LOOKBACK_DAYS': 30}
2025-01-08 19:49:26,019 - INFO - Model saved to models/weather_model.pkl
2025-01-08 19:49:26,020 - INFO - 
New best model found!
2025-01-08 19:49:26,020 - INFO - MAE percentage: 87.15%
2025-01-08 19:49:26,020 - INFO - 
Trial 15/20
2025-01-08 19:49:26,020 - INFO - Configuration: {'HIDDEN_LAYERS': [1024, 512, 256], 'LEARNING_RATE': 0.005, 'LOOKBACK_DAYS': 21}
2025-01-08 19:49:51,593 - INFO - 
Trial 16/20
2025-01-08 19:49:51,594 - INFO - Configuration: {'HIDDEN_LAYERS': [1024, 512, 256], 'LEARNING_RATE': 0.0001, 'LOOKBACK_DAYS': 3}
2025-01-08 19:50:25,931 - INFO - 
Trial 17/20
2025-01-08 19:50:25,931 - INFO - Configuration: {'HIDDEN_LAYERS': [128, 128, 128, 64], 'LEARNING_RATE': 0.05, 'LOOKBACK_DAYS': 7}
2025-01-08 19:50:29,003 - INFO - 
Trial 18/20
2025-01-08 19:50:29,155 - INFO - Configuration: {'HIDDEN_LAYERS': [512, 256, 128], 'LEARNING_RATE': 0.0001, 'LOOKBACK_DAYS': 10}
2025-01-08 19:50:35,922 - INFO - 
Trial 19/20
2025-01-08 19:50:35,922 - INFO - Configuration: {'HIDDEN_LAYERS': [512, 256, 128], 'LEARNING_RATE': 0.0005, 'LOOKBACK_DAYS': 5}
2025-01-08 19:50:40,429 - INFO - 
Trial 20/20
2025-01-08 19:50:40,430 - INFO - Configuration: {'HIDDEN_LAYERS': [256, 128, 64], 'LEARNING_RATE': 0.05, 'LOOKBACK_DAYS': 21}
2025-01-08 19:50:45,767 - INFO - 
Optimization completed without reaching target.
2025-01-08 19:50:45,767 - INFO - Using best found configuration:
2025-01-08 19:50:45,767 - INFO - 
Best Configuration:
2025-01-08 19:50:45,768 - INFO - HIDDEN_LAYERS: [128, 128, 128, 64]
2025-01-08 19:50:45,768 - INFO - LEARNING_RATE: 0.001
2025-01-08 19:50:45,768 - INFO - LOOKBACK_DAYS: 30
2025-01-08 19:50:45,768 - INFO - 
Best Metrics:
2025-01-08 19:50:45,768 - INFO - MSE: 0.1222
2025-01-08 19:50:45,768 - INFO - RMSE: 0.3496
2025-01-08 19:50:45,768 - INFO - MAE: 0.2200
2025-01-08 19:50:45,769 - INFO - R2: 0.3480
2025-01-08 19:50:45,769 - INFO - MAPE: 239876566.7294
2025-01-08 19:50:45,769 - INFO - MAE_as_percentage_of_mean: 87.1519
2025-01-08 19:50:45,769 - INFO - 
Context Information:
2025-01-08 19:50:45,769 - INFO - Mean_Rainfall: 0.2524 mm
2025-01-08 19:50:45,769 - INFO - Max_Rainfall: 1.0000 mm
2025-01-08 19:50:47,172 - ERROR - An error occurred: X has 210 features, but MLPRegressor is expecting 300 features as input.
2025-01-08 20:38:14,970 - INFO - 
Trial 1/20
2025-01-08 20:38:14,970 - INFO - Configuration: {'HIDDEN_LAYERS': [64, 32], 'LEARNING_RATE': 0.001, 'LOOKBACK_DAYS': 5}
2025-01-08 20:38:16,776 - INFO - Model saved to models/weather_model.pkl
2025-01-08 20:38:16,776 - INFO - 
New best model found!
2025-01-08 20:38:16,776 - INFO - MAE percentage: 107.22%
2025-01-08 20:38:16,777 - INFO - 
Trial 2/20
2025-01-08 20:38:16,777 - INFO - Configuration: {'HIDDEN_LAYERS': [256, 128, 64], 'LEARNING_RATE': 0.0005, 'LOOKBACK_DAYS': 21}
2025-01-08 20:38:18,943 - INFO - Model saved to models/weather_model.pkl
2025-01-08 20:38:18,943 - INFO - 
New best model found!
2025-01-08 20:38:18,943 - INFO - MAE percentage: 97.55%
2025-01-08 20:38:18,943 - INFO - 
Trial 3/20
2025-01-08 20:38:18,943 - INFO - Configuration: {'HIDDEN_LAYERS': [32, 16], 'LEARNING_RATE': 0.05, 'LOOKBACK_DAYS': 14}
2025-01-08 20:38:20,473 - INFO - Model saved to models/weather_model.pkl
2025-01-08 20:38:20,474 - INFO - 
New best model found!
2025-01-08 20:38:20,474 - INFO - MAE percentage: 95.32%
2025-01-08 20:38:20,474 - INFO - 
Trial 4/20
2025-01-08 20:38:20,475 - INFO - Configuration: {'HIDDEN_LAYERS': [256, 256, 128, 64], 'LEARNING_RATE': 0.0005, 'LOOKBACK_DAYS': 7}
2025-01-08 20:38:23,403 - INFO - 
Trial 5/20
2025-01-08 20:38:23,404 - INFO - Configuration: {'HIDDEN_LAYERS': [256, 256, 128, 64], 'LEARNING_RATE': 0.01, 'LOOKBACK_DAYS': 60}
2025-01-08 20:38:29,041 - INFO - 
Trial 6/20
2025-01-08 20:38:29,041 - INFO - Configuration: {'HIDDEN_LAYERS': [512, 256, 128], 'LEARNING_RATE': 0.0001, 'LOOKBACK_DAYS': 7}
2025-01-08 20:38:34,481 - INFO - 
Trial 7/20
2025-01-08 20:38:34,481 - INFO - Configuration: {'HIDDEN_LAYERS': [256, 256, 128, 64], 'LEARNING_RATE': 0.1, 'LOOKBACK_DAYS': 30}
2025-01-08 20:38:50,690 - INFO - 
Trial 8/20
2025-01-08 20:38:50,690 - INFO - Configuration: {'HIDDEN_LAYERS': [256, 256, 128, 64], 'LEARNING_RATE': 0.1, 'LOOKBACK_DAYS': 21}
2025-01-08 20:38:53,264 - INFO - 
Trial 9/20
2025-01-08 20:38:53,265 - INFO - Configuration: {'HIDDEN_LAYERS': [128, 64], 'LEARNING_RATE': 0.05, 'LOOKBACK_DAYS': 10}
2025-01-08 20:38:54,969 - INFO - 
Trial 10/20
2025-01-08 20:38:54,969 - INFO - Configuration: {'HIDDEN_LAYERS': [128, 128, 128, 64], 'LEARNING_RATE': 0.001, 'LOOKBACK_DAYS': 5}
2025-01-08 20:38:56,865 - INFO - 
Trial 11/20
2025-01-08 20:38:56,866 - INFO - Configuration: {'HIDDEN_LAYERS': [128, 64], 'LEARNING_RATE': 0.001, 'LOOKBACK_DAYS': 3}
2025-01-08 20:38:58,630 - INFO - 
Trial 12/20
2025-01-08 20:38:58,630 - INFO - Configuration: {'HIDDEN_LAYERS': [64, 64, 64, 64], 'LEARNING_RATE': 0.0001, 'LOOKBACK_DAYS': 30}
2025-01-08 20:39:00,589 - INFO - Model saved to models/weather_model.pkl
2025-01-08 20:39:00,589 - INFO - 
New best model found!
2025-01-08 20:39:00,589 - INFO - MAE percentage: 94.15%
2025-01-08 20:39:00,589 - INFO - 
Trial 13/20
2025-01-08 20:39:00,589 - INFO - Configuration: {'HIDDEN_LAYERS': [64, 32, 16], 'LEARNING_RATE': 0.1, 'LOOKBACK_DAYS': 45}
2025-01-08 20:39:01,901 - INFO - 
Trial 14/20
2025-01-08 20:39:01,902 - INFO - Configuration: {'HIDDEN_LAYERS': [128, 64], 'LEARNING_RATE': 0.1, 'LOOKBACK_DAYS': 30}
2025-01-08 20:39:04,013 - INFO - 
Trial 15/20
2025-01-08 20:39:04,013 - INFO - Configuration: {'HIDDEN_LAYERS': [256, 256, 128, 64], 'LEARNING_RATE': 0.001, 'LOOKBACK_DAYS': 45}
2025-01-08 20:39:08,118 - INFO - 
Trial 16/20
2025-01-08 20:39:08,119 - INFO - Configuration: {'HIDDEN_LAYERS': [256, 256, 128, 64], 'LEARNING_RATE': 0.1, 'LOOKBACK_DAYS': 7}
2025-01-08 20:39:10,659 - INFO - 
Trial 17/20
2025-01-08 20:39:10,660 - INFO - Configuration: {'HIDDEN_LAYERS': [32, 16], 'LEARNING_RATE': 0.05, 'LOOKBACK_DAYS': 10}
2025-01-08 20:39:12,030 - INFO - 
Trial 18/20
2025-01-08 20:39:12,030 - INFO - Configuration: {'HIDDEN_LAYERS': [64, 32, 16], 'LEARNING_RATE': 0.001, 'LOOKBACK_DAYS': 3}
2025-01-08 20:39:13,476 - INFO - 
Trial 19/20
2025-01-08 20:39:13,476 - INFO - Configuration: {'HIDDEN_LAYERS': [128, 64], 'LEARNING_RATE': 0.1, 'LOOKBACK_DAYS': 3}
2025-01-08 20:39:14,969 - INFO - 
Trial 20/20
2025-01-08 20:39:14,970 - INFO - Configuration: {'HIDDEN_LAYERS': [64, 64, 64, 64], 'LEARNING_RATE': 0.001, 'LOOKBACK_DAYS': 45}
2025-01-08 20:39:16,961 - INFO - 
Optimization completed without reaching target.
2025-01-08 20:39:16,961 - INFO - Using best found configuration:
2025-01-08 20:39:16,961 - INFO - 
Best Configuration:
2025-01-08 20:39:16,962 - INFO - HIDDEN_LAYERS: [64, 64, 64, 64]
2025-01-08 20:39:16,962 - INFO - LEARNING_RATE: 0.0001
2025-01-08 20:39:16,962 - INFO - LOOKBACK_DAYS: 30
2025-01-08 20:39:16,962 - INFO - 
Best Metrics:
2025-01-08 20:39:16,962 - INFO - MSE: 0.1204
2025-01-08 20:39:16,962 - INFO - RMSE: 0.3470
2025-01-08 20:39:16,962 - INFO - MAE: 0.2377
2025-01-08 20:39:16,962 - INFO - R2: 0.3576
2025-01-08 20:39:16,962 - INFO - MAPE: 297084417.3300
2025-01-08 20:39:16,962 - INFO - MAE_as_percentage_of_mean: 94.1501
2025-01-08 20:39:16,962 - INFO - 
Context Information:
2025-01-08 20:39:16,963 - INFO - Mean_Rainfall: 0.2524 mm
2025-01-08 20:39:16,963 - INFO - Max_Rainfall: 1.0000 mm
2025-01-08 20:39:18,187 - ERROR - An error occurred: X has 450 features, but MLPRegressor is expecting 300 features as input.
2025-01-08 23:34:20,841 - INFO - 
Trial 1/20
2025-01-08 23:34:20,841 - INFO - Configuration: {'HIDDEN_LAYERS': [64, 32], 'LEARNING_RATE': 0.001, 'LOOKBACK_DAYS': 5}
2025-01-08 23:34:22,715 - INFO - Model saved to models/weather_model.pkl
2025-01-08 23:34:22,715 - INFO - 
New best model found!
2025-01-08 23:34:22,715 - INFO - MAE percentage: 107.22%
2025-01-08 23:34:22,715 - INFO - 
Trial 2/20
2025-01-08 23:34:22,716 - INFO - Configuration: {'HIDDEN_LAYERS': [512, 256, 128], 'LEARNING_RATE': 0.05, 'LOOKBACK_DAYS': 10}
2025-01-08 23:34:27,118 - INFO - Model saved to models/weather_model.pkl
2025-01-08 23:34:27,118 - INFO - 
New best model found!
2025-01-08 23:34:27,119 - INFO - MAE percentage: 96.39%
2025-01-08 23:34:27,119 - INFO - 
Trial 3/20
2025-01-08 23:34:27,119 - INFO - Configuration: {'HIDDEN_LAYERS': [256, 128, 64], 'LEARNING_RATE': 0.0001, 'LOOKBACK_DAYS': 21}
2025-01-08 23:34:30,224 - INFO - 
Trial 4/20
2025-01-08 23:34:30,225 - INFO - Configuration: {'HIDDEN_LAYERS': [256, 256, 128, 64], 'LEARNING_RATE': 0.005, 'LOOKBACK_DAYS': 45}
2025-01-08 23:34:34,258 - INFO - 
Trial 5/20
2025-01-08 23:34:34,259 - INFO - Configuration: {'HIDDEN_LAYERS': [128, 128, 128, 64], 'LEARNING_RATE': 0.0001, 'LOOKBACK_DAYS': 30}
2025-01-08 23:34:36,922 - INFO - Model saved to models/weather_model.pkl
2025-01-08 23:34:36,922 - INFO - 
New best model found!
2025-01-08 23:34:36,922 - INFO - MAE percentage: 87.48%
2025-01-08 23:34:36,922 - INFO - 
Trial 6/20
2025-01-08 23:34:36,922 - INFO - Configuration: {'HIDDEN_LAYERS': [512, 256, 128], 'LEARNING_RATE': 0.001, 'LOOKBACK_DAYS': 21}
2025-01-08 23:34:41,434 - INFO - 
Trial 7/20
2025-01-08 23:34:41,435 - INFO - Configuration: {'HIDDEN_LAYERS': [256, 256, 128, 64], 'LEARNING_RATE': 0.0005, 'LOOKBACK_DAYS': 7}
2025-01-08 23:34:44,375 - INFO - 
Trial 8/20
2025-01-08 23:34:44,375 - INFO - Configuration: {'HIDDEN_LAYERS': [128, 64], 'LEARNING_RATE': 0.0005, 'LOOKBACK_DAYS': 10}
2025-01-08 23:34:46,332 - INFO - 
Trial 9/20
2025-01-08 23:34:46,332 - INFO - Configuration: {'HIDDEN_LAYERS': [1024, 512, 256], 'LEARNING_RATE': 0.001, 'LOOKBACK_DAYS': 30}
2025-01-08 23:34:58,604 - INFO - 
Trial 10/20
2025-01-08 23:34:58,604 - INFO - Configuration: {'HIDDEN_LAYERS': [32, 16], 'LEARNING_RATE': 0.0005, 'LOOKBACK_DAYS': 21}
2025-01-08 23:35:00,225 - INFO - 
Trial 11/20
2025-01-08 23:35:00,225 - INFO - Configuration: {'HIDDEN_LAYERS': [1024, 512, 256], 'LEARNING_RATE': 0.005, 'LOOKBACK_DAYS': 21}
2025-01-08 23:35:24,789 - INFO - 
Trial 12/20
2025-01-08 23:35:24,790 - INFO - Configuration: {'HIDDEN_LAYERS': [1024, 512, 256], 'LEARNING_RATE': 0.05, 'LOOKBACK_DAYS': 45}
2025-01-08 23:36:02,681 - INFO - 
Trial 13/20
2025-01-08 23:36:02,681 - INFO - Configuration: {'HIDDEN_LAYERS': [128, 128, 128, 64], 'LEARNING_RATE': 0.05, 'LOOKBACK_DAYS': 30}
2025-01-08 23:36:04,714 - INFO - 
Trial 14/20
2025-01-08 23:36:04,714 - INFO - Configuration: {'HIDDEN_LAYERS': [64, 32, 16], 'LEARNING_RATE': 0.1, 'LOOKBACK_DAYS': 60}
2025-01-08 23:36:06,734 - INFO - 
Trial 15/20
2025-01-08 23:36:06,735 - INFO - Configuration: {'HIDDEN_LAYERS': [1024, 512, 256], 'LEARNING_RATE': 0.1, 'LOOKBACK_DAYS': 3}
2025-01-08 23:36:32,874 - INFO - 
Trial 16/20
2025-01-08 23:36:32,874 - INFO - Configuration: {'HIDDEN_LAYERS': [32, 16], 'LEARNING_RATE': 0.01, 'LOOKBACK_DAYS': 5}
2025-01-08 23:36:34,261 - INFO - 
Trial 17/20
2025-01-08 23:36:34,261 - INFO - Configuration: {'HIDDEN_LAYERS': [128, 64, 32], 'LEARNING_RATE': 0.001, 'LOOKBACK_DAYS': 60}
2025-01-08 23:36:36,457 - INFO - 
Trial 18/20
2025-01-08 23:36:36,458 - INFO - Configuration: {'HIDDEN_LAYERS': [256, 256, 128, 64], 'LEARNING_RATE': 0.0001, 'LOOKBACK_DAYS': 14}
2025-01-08 23:36:39,977 - INFO - 
Trial 19/20
2025-01-08 23:36:39,978 - INFO - Configuration: {'HIDDEN_LAYERS': [128, 64, 32], 'LEARNING_RATE': 0.0001, 'LOOKBACK_DAYS': 60}
2025-01-08 23:36:42,889 - INFO - 
Trial 20/20
2025-01-08 23:36:42,889 - INFO - Configuration: {'HIDDEN_LAYERS': [256, 128, 64], 'LEARNING_RATE': 0.05, 'LOOKBACK_DAYS': 7}
2025-01-08 23:36:45,104 - INFO - 
Optimization completed without reaching target.
2025-01-08 23:36:45,105 - INFO - Using best found configuration:
2025-01-08 23:36:45,105 - INFO - 
Best Configuration:
2025-01-08 23:36:45,105 - INFO - HIDDEN_LAYERS: [128, 128, 128, 64]
2025-01-08 23:36:45,105 - INFO - LEARNING_RATE: 0.0001
2025-01-08 23:36:45,105 - INFO - LOOKBACK_DAYS: 30
2025-01-08 23:36:45,105 - INFO - 
Best Metrics:
2025-01-08 23:36:45,105 - INFO - MSE: 0.1206
2025-01-08 23:36:45,105 - INFO - RMSE: 0.3473
2025-01-08 23:36:45,105 - INFO - MAE: 0.2208
2025-01-08 23:36:45,106 - INFO - R2: 0.3566
2025-01-08 23:36:45,106 - INFO - MAPE: 219607677.5358
2025-01-08 23:36:45,106 - INFO - MAE_as_percentage_of_mean: 87.4809
2025-01-08 23:36:45,106 - INFO - 
Context Information:
2025-01-08 23:36:45,106 - INFO - Mean_Rainfall: 0.2524 mm
2025-01-08 23:36:45,106 - INFO - Max_Rainfall: 1.0000 mm
2025-01-09 00:06:29,153 - INFO - 
Trial 1/20
2025-01-09 00:06:29,153 - INFO - Configuration: {'HIDDEN_LAYERS': [64, 32], 'LEARNING_RATE': 0.001, 'LOOKBACK_DAYS': 5}
2025-01-09 00:06:30,678 - INFO - Model saved to models/weather_model.pkl
2025-01-09 00:06:30,678 - INFO - 
New best model found!
2025-01-09 00:06:30,678 - INFO - MAE percentage: 107.22%
2025-01-09 00:06:30,679 - INFO - 
Trial 2/20
2025-01-09 00:06:30,679 - INFO - Configuration: {'HIDDEN_LAYERS': [256, 256, 128, 64], 'LEARNING_RATE': 0.1, 'LOOKBACK_DAYS': 45}
2025-01-09 00:06:33,695 - INFO - 
Trial 3/20
2025-01-09 00:06:33,695 - INFO - Configuration: {'HIDDEN_LAYERS': [32, 16], 'LEARNING_RATE': 0.1, 'LOOKBACK_DAYS': 10}
2025-01-09 00:06:35,342 - INFO - Model saved to models/weather_model.pkl
2025-01-09 00:06:35,343 - INFO - 
New best model found!
2025-01-09 00:06:35,344 - INFO - MAE percentage: 92.26%
2025-01-09 00:06:35,344 - INFO - 
Trial 4/20
2025-01-09 00:06:35,344 - INFO - Configuration: {'HIDDEN_LAYERS': [128, 64], 'LEARNING_RATE': 0.05, 'LOOKBACK_DAYS': 60}
2025-01-09 00:06:38,690 - INFO - 
Trial 5/20
2025-01-09 00:06:38,691 - INFO - Configuration: {'HIDDEN_LAYERS': [256, 256, 128, 64], 'LEARNING_RATE': 0.01, 'LOOKBACK_DAYS': 60}
2025-01-09 00:06:44,544 - INFO - 
Trial 6/20
2025-01-09 00:06:44,544 - INFO - Configuration: {'HIDDEN_LAYERS': [512, 256, 128], 'LEARNING_RATE': 0.0001, 'LOOKBACK_DAYS': 45}
2025-01-09 00:06:51,820 - INFO - 
Trial 7/20
2025-01-09 00:06:51,820 - INFO - Configuration: {'HIDDEN_LAYERS': [256, 256, 128, 64], 'LEARNING_RATE': 0.0005, 'LOOKBACK_DAYS': 5}
2025-01-09 00:06:56,039 - INFO - Model saved to models/weather_model.pkl
2025-01-09 00:06:56,040 - INFO - 
New best model found!
2025-01-09 00:06:56,040 - INFO - MAE percentage: 90.17%
2025-01-09 00:06:56,040 - INFO - 
Trial 8/20
2025-01-09 00:06:56,040 - INFO - Configuration: {'HIDDEN_LAYERS': [64, 64, 64, 64], 'LEARNING_RATE': 0.0005, 'LOOKBACK_DAYS': 14}
2025-01-09 00:06:58,179 - INFO - 
Trial 9/20
2025-01-09 00:06:58,179 - INFO - Configuration: {'HIDDEN_LAYERS': [128, 64, 32], 'LEARNING_RATE': 0.0001, 'LOOKBACK_DAYS': 45}
2025-01-09 00:07:00,286 - INFO - 
Trial 10/20
2025-01-09 00:07:00,287 - INFO - Configuration: {'HIDDEN_LAYERS': [128, 64, 32], 'LEARNING_RATE': 0.001, 'LOOKBACK_DAYS': 21}
2025-01-09 00:07:02,082 - INFO - 
Trial 11/20
2025-01-09 00:07:02,083 - INFO - Configuration: {'HIDDEN_LAYERS': [128, 128, 128, 64], 'LEARNING_RATE': 0.0001, 'LOOKBACK_DAYS': 45}
2025-01-09 00:07:05,338 - INFO - 
Trial 12/20
2025-01-09 00:07:05,338 - INFO - Configuration: {'HIDDEN_LAYERS': [128, 64], 'LEARNING_RATE': 0.1, 'LOOKBACK_DAYS': 5}
2025-01-09 00:07:07,030 - INFO - 
Trial 13/20
2025-01-09 00:07:07,030 - INFO - Configuration: {'HIDDEN_LAYERS': [512, 256, 128], 'LEARNING_RATE': 0.0005, 'LOOKBACK_DAYS': 5}
2025-01-09 00:07:11,218 - INFO - 
Trial 14/20
2025-01-09 00:07:11,218 - INFO - Configuration: {'HIDDEN_LAYERS': [1024, 512, 256], 'LEARNING_RATE': 0.05, 'LOOKBACK_DAYS': 60}
2025-01-09 00:07:33,612 - INFO - 
Trial 15/20
2025-01-09 00:07:33,612 - INFO - Configuration: {'HIDDEN_LAYERS': [64, 64, 64, 64], 'LEARNING_RATE': 0.05, 'LOOKBACK_DAYS': 14}
2025-01-09 00:07:35,661 - INFO - 
Trial 16/20
2025-01-09 00:07:35,661 - INFO - Configuration: {'HIDDEN_LAYERS': [256, 128, 64], 'LEARNING_RATE': 0.1, 'LOOKBACK_DAYS': 10}
2025-01-09 00:07:38,597 - INFO - 
Trial 17/20
2025-01-09 00:07:38,598 - INFO - Configuration: {'HIDDEN_LAYERS': [256, 128, 64], 'LEARNING_RATE': 0.05, 'LOOKBACK_DAYS': 45}
2025-01-09 00:07:42,479 - INFO - 
Trial 18/20
2025-01-09 00:07:42,479 - INFO - Configuration: {'HIDDEN_LAYERS': [64, 64, 64, 64], 'LEARNING_RATE': 0.005, 'LOOKBACK_DAYS': 30}
2025-01-09 00:07:44,143 - INFO - 
Trial 19/20
2025-01-09 00:07:44,143 - INFO - Configuration: {'HIDDEN_LAYERS': [1024, 512, 256], 'LEARNING_RATE': 0.001, 'LOOKBACK_DAYS': 14}
2025-01-09 00:07:58,027 - INFO - 
Trial 20/20
2025-01-09 00:07:58,028 - INFO - Configuration: {'HIDDEN_LAYERS': [64, 32], 'LEARNING_RATE': 0.0005, 'LOOKBACK_DAYS': 30}
2025-01-09 00:07:59,962 - INFO - 
Optimization completed without reaching target.
2025-01-09 00:07:59,963 - INFO - Using best found configuration:
2025-01-09 00:07:59,963 - INFO - 
Best Configuration:
2025-01-09 00:07:59,963 - INFO - HIDDEN_LAYERS: [256, 256, 128, 64]
2025-01-09 00:07:59,963 - INFO - LEARNING_RATE: 0.0005
2025-01-09 00:08:00,000 - INFO - LOOKBACK_DAYS: 5
2025-01-09 00:08:00,001 - INFO - 
Best Metrics:
2025-01-09 00:08:00,003 - INFO - MSE: 0.1113
2025-01-09 00:08:00,004 - INFO - RMSE: 0.3336
2025-01-09 00:08:00,005 - INFO - MAE: 0.2047
2025-01-09 00:08:00,006 - INFO - R2: 0.3619
2025-01-09 00:08:00,006 - INFO - MAPE: 279485237.0992
2025-01-09 00:08:00,006 - INFO - MAE_as_percentage_of_mean: 90.1717
2025-01-09 00:08:00,006 - INFO - 
Context Information:
2025-01-09 00:08:00,006 - INFO - Mean_Rainfall: 0.2271 mm
2025-01-09 00:08:00,007 - INFO - Max_Rainfall: 1.0000 mm
