2025-05-19 22:54:38,539 - INFO - Loading data...
2025-05-19 22:54:38,550 - INFO - Initial data shape: (5295, 11)
2025-05-19 22:54:38,551 - INFO - 
Preprocessing data...
2025-05-19 22:54:38,551 - INFO - Starting specialized rainfall preprocessing...
2025-05-19 22:54:38,552 - INFO - Initial dataset size: 5295
2025-05-19 22:54:39,029 - INFO - 
Outliers removed: 52 rows
2025-05-19 22:54:39,030 - INFO - Dates with extreme rainfall (>100mm):
2025-05-19 22:54:39,030 - INFO - Date: 2010-01-15 00:00:00, Rainfall: 110.0mm
2025-05-19 22:54:39,030 - INFO - Date: 2010-02-20 00:00:00, Rainfall: 180.0mm
2025-05-19 22:54:39,031 - INFO - Date: 2011-02-05 00:00:00, Rainfall: 113.0mm
2025-05-19 22:54:39,031 - INFO - Date: 2011-02-06 00:00:00, Rainfall: 122.0mm
2025-05-19 22:54:39,032 - INFO - Date: 2012-03-15 00:00:00, Rainfall: 141.0mm
2025-05-19 22:54:39,032 - INFO - Date: 2012-05-13 00:00:00, Rainfall: 125.0mm
2025-05-19 22:54:39,033 - INFO - Date: 2013-01-02 00:00:00, Rainfall: 120.8mm
2025-05-19 22:54:39,033 - INFO - Date: 2013-01-04 00:00:00, Rainfall: 103.5mm
2025-05-19 22:54:39,034 - INFO - Date: 2014-01-13 00:00:00, Rainfall: 105.2mm
2025-05-19 22:54:39,034 - INFO - Date: 2014-04-08 00:00:00, Rainfall: 137.9mm
2025-05-19 22:54:39,034 - INFO - Date: 2014-12-06 00:00:00, Rainfall: 137.4mm
2025-05-19 22:54:39,034 - INFO - Date: 2014-12-07 00:00:00, Rainfall: 105.4mm
2025-05-19 22:54:39,035 - INFO - Date: 2015-01-22 00:00:00, Rainfall: 160.3mm
2025-05-19 22:54:39,035 - INFO - Date: 2015-03-03 00:00:00, Rainfall: 127.6mm
2025-05-19 22:54:39,035 - INFO - Date: 2015-12-18 00:00:00, Rainfall: 130.7mm
2025-05-19 22:54:39,035 - INFO - Date: 2015-12-19 00:00:00, Rainfall: 112.4mm
2025-05-19 22:54:39,035 - INFO - Date: 2016-01-22 00:00:00, Rainfall: 160.3mm
2025-05-19 22:54:39,036 - INFO - Date: 2016-02-28 00:00:00, Rainfall: 103.4mm
2025-05-19 22:54:39,036 - INFO - Date: 2016-10-10 00:00:00, Rainfall: 127.4mm
2025-05-19 22:54:39,036 - INFO - Date: 2016-10-25 00:00:00, Rainfall: 188.7mm
2025-05-19 22:54:39,037 - INFO - Date: 2016-12-13 00:00:00, Rainfall: 101.0mm
2025-05-19 22:54:39,038 - INFO - Date: 2016-12-30 00:00:00, Rainfall: 115.3mm
2025-05-19 22:54:39,038 - INFO - Date: 2017-01-26 00:00:00, Rainfall: 107.9mm
2025-05-19 22:54:39,038 - INFO - Date: 2017-02-17 00:00:00, Rainfall: 120.3mm
2025-05-19 22:54:39,038 - INFO - Date: 2017-12-13 00:00:00, Rainfall: 106.0mm
2025-05-19 22:54:39,039 - INFO - Date: 2017-12-20 00:00:00, Rainfall: 101.4mm
2025-05-19 22:54:39,039 - INFO - Date: 2017-12-21 00:00:00, Rainfall: 109.3mm
2025-05-19 22:54:39,039 - INFO - Date: 2017-12-22 00:00:00, Rainfall: 156.0mm
2025-05-19 22:54:39,039 - INFO - Date: 2018-01-12 00:00:00, Rainfall: 124.6mm
2025-05-19 22:54:39,040 - INFO - Date: 2018-01-13 00:00:00, Rainfall: 104.5mm
2025-05-19 22:54:39,040 - INFO - Date: 2018-02-16 00:00:00, Rainfall: 112.8mm
2025-05-19 22:54:39,041 - INFO - Date: 2018-03-14 00:00:00, Rainfall: 152.1mm
2025-05-19 22:54:39,041 - INFO - Date: 2018-12-23 00:00:00, Rainfall: 108.7mm
2025-05-19 22:54:39,041 - INFO - Date: 2018-12-28 00:00:00, Rainfall: 140.3mm
2025-05-19 22:54:39,042 - INFO - Date: 2019-04-29 00:00:00, Rainfall: 107.0mm
2025-05-19 22:54:39,042 - INFO - Date: 2020-05-22 00:00:00, Rainfall: 122.9mm
2025-05-19 22:54:39,042 - INFO - Date: 2021-01-16 00:00:00, Rainfall: 109.4mm
2025-05-19 22:54:39,043 - INFO - Date: 2021-01-19 00:00:00, Rainfall: 111.0mm
2025-05-19 22:54:39,043 - INFO - Date: 2021-01-25 00:00:00, Rainfall: 100.9mm
2025-05-19 22:54:39,043 - INFO - Date: 2021-03-10 00:00:00, Rainfall: 153.7mm
2025-05-19 22:54:39,044 - INFO - Date: 2021-04-02 00:00:00, Rainfall: 135.8mm
2025-05-19 22:54:39,044 - INFO - Date: 2021-12-06 00:00:00, Rainfall: 145.9mm
2025-05-19 22:54:39,044 - INFO - Date: 2021-12-07 00:00:00, Rainfall: 218.8mm
2025-05-19 22:54:39,045 - INFO - Date: 2022-01-01 00:00:00, Rainfall: 110.4mm
2025-05-19 22:54:39,045 - INFO - Date: 2022-01-20 00:00:00, Rainfall: 123.1mm
2025-05-19 22:54:39,045 - INFO - Date: 2022-02-21 00:00:00, Rainfall: 155.3mm
2025-05-19 22:54:39,045 - INFO - Date: 2022-05-27 00:00:00, Rainfall: 147.6mm
2025-05-19 22:54:39,046 - INFO - Date: 2022-10-07 00:00:00, Rainfall: 101.6mm
2025-05-19 22:54:39,046 - INFO - Date: 2022-12-28 00:00:00, Rainfall: 102.0mm
2025-05-19 22:54:39,046 - INFO - Date: 2023-02-02 00:00:00, Rainfall: 200.0mm
2025-05-19 22:54:39,047 - INFO - Date: 2023-02-13 00:00:00, Rainfall: 200.0mm
2025-05-19 22:54:39,047 - INFO - Date: 2023-02-14 00:00:00, Rainfall: 183.0mm
2025-05-19 22:54:39,074 - ERROR - Error in preprocessing: unsupported operand type(s) for &: 'float' and 'bool'
2025-05-19 22:54:39,111 - ERROR - Traceback (most recent call last):
  File "C:\Users\Astrea\AppData\Local\Packages\PythonSoftwareFoundation.Python.3.11_qbz5n2kfra8p0\LocalCache\local-packages\Python311\site-packages\pandas\core\ops\array_ops.py", line 362, in na_logical_op
    result = op(x, y)
             ^^^^^^^^
TypeError: unsupported operand type(s) for &: 'float' and 'bool'

During handling of the above exception, another exception occurred:

Traceback (most recent call last):
  File "D:\WORK\skripsi\main_rainfall_specialist.py", line 178, in preprocess_data
    df['Rain_2Days'] = df['RainDay_Lag_1'] & df['RainDay_Lag_2']
                       ~~~~~~~~~~~~~~~~~~~~^~~~~~~~~~~~~~~~~~~~~
  File "C:\Users\Astrea\AppData\Local\Packages\PythonSoftwareFoundation.Python.3.11_qbz5n2kfra8p0\LocalCache\local-packages\Python311\site-packages\pandas\core\ops\common.py", line 76, in new_method
    return method(self, other)
           ^^^^^^^^^^^^^^^^^^^
  File "C:\Users\Astrea\AppData\Local\Packages\PythonSoftwareFoundation.Python.3.11_qbz5n2kfra8p0\LocalCache\local-packages\Python311\site-packages\pandas\core\arraylike.py", line 70, in __and__
    return self._logical_method(other, operator.and_)
           ^^^^^^^^^^^^^^^^^^^^^^^^^^^^^^^^^^^^^^^^^^
  File "C:\Users\Astrea\AppData\Local\Packages\PythonSoftwareFoundation.Python.3.11_qbz5n2kfra8p0\LocalCache\local-packages\Python311\site-packages\pandas\core\series.py", line 6130, in _logical_method
    res_values = ops.logical_op(lvalues, rvalues, op)
                 ^^^^^^^^^^^^^^^^^^^^^^^^^^^^^^^^^^^^
  File "C:\Users\Astrea\AppData\Local\Packages\PythonSoftwareFoundation.Python.3.11_qbz5n2kfra8p0\LocalCache\local-packages\Python311\site-packages\pandas\core\ops\array_ops.py", line 454, in logical_op
    res_values = na_logical_op(lvalues, rvalues, op)
                 ^^^^^^^^^^^^^^^^^^^^^^^^^^^^^^^^^^^
  File "C:\Users\Astrea\AppData\Local\Packages\PythonSoftwareFoundation.Python.3.11_qbz5n2kfra8p0\LocalCache\local-packages\Python311\site-packages\pandas\core\ops\array_ops.py", line 369, in na_logical_op
    result = libops.vec_binop(x.ravel(), y.ravel(), op)
             ^^^^^^^^^^^^^^^^^^^^^^^^^^^^^^^^^^^^^^^^^^
  File "ops.pyx", line 252, in pandas._libs.ops.vec_binop
  File "ops.pyx", line 245, in pandas._libs.ops.vec_binop
TypeError: unsupported operand type(s) for &: 'float' and 'bool'

2025-05-19 22:54:39,112 - ERROR - An error occurred: unsupported operand type(s) for &: 'float' and 'bool'
2025-05-19 22:54:39,113 - ERROR - Traceback (most recent call last):
  File "C:\Users\Astrea\AppData\Local\Packages\PythonSoftwareFoundation.Python.3.11_qbz5n2kfra8p0\LocalCache\local-packages\Python311\site-packages\pandas\core\ops\array_ops.py", line 362, in na_logical_op
    result = op(x, y)
             ^^^^^^^^
TypeError: unsupported operand type(s) for &: 'float' and 'bool'

During handling of the above exception, another exception occurred:

Traceback (most recent call last):
  File "D:\WORK\skripsi\main_rainfall_specialist.py", line 543, in main
    df_processed, df_multi_day = predictor.preprocess_data(df)
                                 ^^^^^^^^^^^^^^^^^^^^^^^^^^^^^
  File "D:\WORK\skripsi\main_rainfall_specialist.py", line 178, in preprocess_data
    df['Rain_2Days'] = df['RainDay_Lag_1'] & df['RainDay_Lag_2']
                       ~~~~~~~~~~~~~~~~~~~~^~~~~~~~~~~~~~~~~~~~~
  File "C:\Users\Astrea\AppData\Local\Packages\PythonSoftwareFoundation.Python.3.11_qbz5n2kfra8p0\LocalCache\local-packages\Python311\site-packages\pandas\core\ops\common.py", line 76, in new_method
    return method(self, other)
           ^^^^^^^^^^^^^^^^^^^
  File "C:\Users\Astrea\AppData\Local\Packages\PythonSoftwareFoundation.Python.3.11_qbz5n2kfra8p0\LocalCache\local-packages\Python311\site-packages\pandas\core\arraylike.py", line 70, in __and__
    return self._logical_method(other, operator.and_)
           ^^^^^^^^^^^^^^^^^^^^^^^^^^^^^^^^^^^^^^^^^^
  File "C:\Users\Astrea\AppData\Local\Packages\PythonSoftwareFoundation.Python.3.11_qbz5n2kfra8p0\LocalCache\local-packages\Python311\site-packages\pandas\core\series.py", line 6130, in _logical_method
    res_values = ops.logical_op(lvalues, rvalues, op)
                 ^^^^^^^^^^^^^^^^^^^^^^^^^^^^^^^^^^^^
  File "C:\Users\Astrea\AppData\Local\Packages\PythonSoftwareFoundation.Python.3.11_qbz5n2kfra8p0\LocalCache\local-packages\Python311\site-packages\pandas\core\ops\array_ops.py", line 454, in logical_op
    res_values = na_logical_op(lvalues, rvalues, op)
                 ^^^^^^^^^^^^^^^^^^^^^^^^^^^^^^^^^^^
  File "C:\Users\Astrea\AppData\Local\Packages\PythonSoftwareFoundation.Python.3.11_qbz5n2kfra8p0\LocalCache\local-packages\Python311\site-packages\pandas\core\ops\array_ops.py", line 369, in na_logical_op
    result = libops.vec_binop(x.ravel(), y.ravel(), op)
             ^^^^^^^^^^^^^^^^^^^^^^^^^^^^^^^^^^^^^^^^^^
  File "ops.pyx", line 252, in pandas._libs.ops.vec_binop
  File "ops.pyx", line 245, in pandas._libs.ops.vec_binop
TypeError: unsupported operand type(s) for &: 'float' and 'bool'

2025-05-19 22:59:29,146 - INFO - Loading data...
2025-05-19 22:59:29,154 - INFO - Initial data shape: (5295, 11)
2025-05-19 22:59:29,155 - INFO - 
Preprocessing data...
2025-05-19 22:59:29,155 - INFO - Starting specialized rainfall preprocessing...
2025-05-19 22:59:29,155 - INFO - Initial dataset size: 5295
2025-05-19 22:59:29,638 - INFO - 
Outliers removed: 52 rows
2025-05-19 22:59:29,638 - INFO - Dates with extreme rainfall (>100mm):
2025-05-19 22:59:29,639 - INFO - Date: 2010-01-15 00:00:00, Rainfall: 110.0mm
2025-05-19 22:59:29,639 - INFO - Date: 2010-02-20 00:00:00, Rainfall: 180.0mm
2025-05-19 22:59:29,640 - INFO - Date: 2011-02-05 00:00:00, Rainfall: 113.0mm
2025-05-19 22:59:29,640 - INFO - Date: 2011-02-06 00:00:00, Rainfall: 122.0mm
2025-05-19 22:59:29,640 - INFO - Date: 2012-03-15 00:00:00, Rainfall: 141.0mm
2025-05-19 22:59:29,640 - INFO - Date: 2012-05-13 00:00:00, Rainfall: 125.0mm
2025-05-19 22:59:29,641 - INFO - Date: 2013-01-02 00:00:00, Rainfall: 120.8mm
2025-05-19 22:59:29,641 - INFO - Date: 2013-01-04 00:00:00, Rainfall: 103.5mm
2025-05-19 22:59:29,641 - INFO - Date: 2014-01-13 00:00:00, Rainfall: 105.2mm
2025-05-19 22:59:29,642 - INFO - Date: 2014-04-08 00:00:00, Rainfall: 137.9mm
2025-05-19 22:59:29,642 - INFO - Date: 2014-12-06 00:00:00, Rainfall: 137.4mm
2025-05-19 22:59:29,642 - INFO - Date: 2014-12-07 00:00:00, Rainfall: 105.4mm
2025-05-19 22:59:29,643 - INFO - Date: 2015-01-22 00:00:00, Rainfall: 160.3mm
2025-05-19 22:59:29,643 - INFO - Date: 2015-03-03 00:00:00, Rainfall: 127.6mm
2025-05-19 22:59:29,643 - INFO - Date: 2015-12-18 00:00:00, Rainfall: 130.7mm
2025-05-19 22:59:29,645 - INFO - Date: 2015-12-19 00:00:00, Rainfall: 112.4mm
2025-05-19 22:59:29,645 - INFO - Date: 2016-01-22 00:00:00, Rainfall: 160.3mm
2025-05-19 22:59:29,645 - INFO - Date: 2016-02-28 00:00:00, Rainfall: 103.4mm
2025-05-19 22:59:29,646 - INFO - Date: 2016-10-10 00:00:00, Rainfall: 127.4mm
2025-05-19 22:59:29,646 - INFO - Date: 2016-10-25 00:00:00, Rainfall: 188.7mm
2025-05-19 22:59:29,646 - INFO - Date: 2016-12-13 00:00:00, Rainfall: 101.0mm
2025-05-19 22:59:29,648 - INFO - Date: 2016-12-30 00:00:00, Rainfall: 115.3mm
2025-05-19 22:59:29,648 - INFO - Date: 2017-01-26 00:00:00, Rainfall: 107.9mm
2025-05-19 22:59:29,649 - INFO - Date: 2017-02-17 00:00:00, Rainfall: 120.3mm
2025-05-19 22:59:29,649 - INFO - Date: 2017-12-13 00:00:00, Rainfall: 106.0mm
2025-05-19 22:59:29,649 - INFO - Date: 2017-12-20 00:00:00, Rainfall: 101.4mm
2025-05-19 22:59:29,650 - INFO - Date: 2017-12-21 00:00:00, Rainfall: 109.3mm
2025-05-19 22:59:29,650 - INFO - Date: 2017-12-22 00:00:00, Rainfall: 156.0mm
2025-05-19 22:59:29,651 - INFO - Date: 2018-01-12 00:00:00, Rainfall: 124.6mm
2025-05-19 22:59:29,651 - INFO - Date: 2018-01-13 00:00:00, Rainfall: 104.5mm
2025-05-19 22:59:29,651 - INFO - Date: 2018-02-16 00:00:00, Rainfall: 112.8mm
2025-05-19 22:59:29,652 - INFO - Date: 2018-03-14 00:00:00, Rainfall: 152.1mm
2025-05-19 22:59:29,652 - INFO - Date: 2018-12-23 00:00:00, Rainfall: 108.7mm
2025-05-19 22:59:29,652 - INFO - Date: 2018-12-28 00:00:00, Rainfall: 140.3mm
2025-05-19 22:59:29,653 - INFO - Date: 2019-04-29 00:00:00, Rainfall: 107.0mm
2025-05-19 22:59:29,653 - INFO - Date: 2020-05-22 00:00:00, Rainfall: 122.9mm
2025-05-19 22:59:29,653 - INFO - Date: 2021-01-16 00:00:00, Rainfall: 109.4mm
2025-05-19 22:59:29,654 - INFO - Date: 2021-01-19 00:00:00, Rainfall: 111.0mm
2025-05-19 22:59:29,654 - INFO - Date: 2021-01-25 00:00:00, Rainfall: 100.9mm
2025-05-19 22:59:29,654 - INFO - Date: 2021-03-10 00:00:00, Rainfall: 153.7mm
2025-05-19 22:59:29,655 - INFO - Date: 2021-04-02 00:00:00, Rainfall: 135.8mm
2025-05-19 22:59:29,655 - INFO - Date: 2021-12-06 00:00:00, Rainfall: 145.9mm
2025-05-19 22:59:29,656 - INFO - Date: 2021-12-07 00:00:00, Rainfall: 218.8mm
2025-05-19 22:59:29,656 - INFO - Date: 2022-01-01 00:00:00, Rainfall: 110.4mm
2025-05-19 22:59:29,658 - INFO - Date: 2022-01-20 00:00:00, Rainfall: 123.1mm
2025-05-19 22:59:29,658 - INFO - Date: 2022-02-21 00:00:00, Rainfall: 155.3mm
2025-05-19 22:59:29,659 - INFO - Date: 2022-05-27 00:00:00, Rainfall: 147.6mm
2025-05-19 22:59:29,659 - INFO - Date: 2022-10-07 00:00:00, Rainfall: 101.6mm
2025-05-19 22:59:29,660 - INFO - Date: 2022-12-28 00:00:00, Rainfall: 102.0mm
2025-05-19 22:59:29,660 - INFO - Date: 2023-02-02 00:00:00, Rainfall: 200.0mm
2025-05-19 22:59:29,660 - INFO - Date: 2023-02-13 00:00:00, Rainfall: 200.0mm
2025-05-19 22:59:29,660 - INFO - Date: 2023-02-14 00:00:00, Rainfall: 183.0mm
2025-05-19 22:59:29,685 - ERROR - Error in preprocessing: unsupported operand type(s) for &: 'float' and 'bool'
2025-05-19 22:59:29,688 - ERROR - Traceback (most recent call last):
  File "C:\Users\Astrea\AppData\Local\Packages\PythonSoftwareFoundation.Python.3.11_qbz5n2kfra8p0\LocalCache\local-packages\Python311\site-packages\pandas\core\ops\array_ops.py", line 362, in na_logical_op
    result = op(x, y)
             ^^^^^^^^
TypeError: unsupported operand type(s) for &: 'float' and 'bool'

During handling of the above exception, another exception occurred:

Traceback (most recent call last):
  File "D:\WORK\skripsi\main_rainfall_specialist.py", line 178, in preprocess_data
    df['Rain_2Days'] = df['RainDay_Lag_1'] & df['RainDay_Lag_2']
                       ~~~~~~~~~~~~~~~~~~~~^~~~~~~~~~~~~~~~~~~~~
  File "C:\Users\Astrea\AppData\Local\Packages\PythonSoftwareFoundation.Python.3.11_qbz5n2kfra8p0\LocalCache\local-packages\Python311\site-packages\pandas\core\ops\common.py", line 76, in new_method
    return method(self, other)
           ^^^^^^^^^^^^^^^^^^^
  File "C:\Users\Astrea\AppData\Local\Packages\PythonSoftwareFoundation.Python.3.11_qbz5n2kfra8p0\LocalCache\local-packages\Python311\site-packages\pandas\core\arraylike.py", line 70, in __and__
    return self._logical_method(other, operator.and_)
           ^^^^^^^^^^^^^^^^^^^^^^^^^^^^^^^^^^^^^^^^^^
  File "C:\Users\Astrea\AppData\Local\Packages\PythonSoftwareFoundation.Python.3.11_qbz5n2kfra8p0\LocalCache\local-packages\Python311\site-packages\pandas\core\series.py", line 6130, in _logical_method
    res_values = ops.logical_op(lvalues, rvalues, op)
                 ^^^^^^^^^^^^^^^^^^^^^^^^^^^^^^^^^^^^
  File "C:\Users\Astrea\AppData\Local\Packages\PythonSoftwareFoundation.Python.3.11_qbz5n2kfra8p0\LocalCache\local-packages\Python311\site-packages\pandas\core\ops\array_ops.py", line 454, in logical_op
    res_values = na_logical_op(lvalues, rvalues, op)
                 ^^^^^^^^^^^^^^^^^^^^^^^^^^^^^^^^^^^
  File "C:\Users\Astrea\AppData\Local\Packages\PythonSoftwareFoundation.Python.3.11_qbz5n2kfra8p0\LocalCache\local-packages\Python311\site-packages\pandas\core\ops\array_ops.py", line 369, in na_logical_op
    result = libops.vec_binop(x.ravel(), y.ravel(), op)
             ^^^^^^^^^^^^^^^^^^^^^^^^^^^^^^^^^^^^^^^^^^
  File "ops.pyx", line 252, in pandas._libs.ops.vec_binop
  File "ops.pyx", line 245, in pandas._libs.ops.vec_binop
TypeError: unsupported operand type(s) for &: 'float' and 'bool'

2025-05-19 22:59:29,688 - ERROR - An error occurred: unsupported operand type(s) for &: 'float' and 'bool'
2025-05-19 22:59:29,689 - ERROR - Traceback (most recent call last):
  File "C:\Users\Astrea\AppData\Local\Packages\PythonSoftwareFoundation.Python.3.11_qbz5n2kfra8p0\LocalCache\local-packages\Python311\site-packages\pandas\core\ops\array_ops.py", line 362, in na_logical_op
    result = op(x, y)
             ^^^^^^^^
TypeError: unsupported operand type(s) for &: 'float' and 'bool'

During handling of the above exception, another exception occurred:

Traceback (most recent call last):
  File "D:\WORK\skripsi\main_rainfall_specialist.py", line 543, in main
    df_processed, df_multi_day = predictor.preprocess_data(df)
                                 ^^^^^^^^^^^^^^^^^^^^^^^^^^^^^
  File "D:\WORK\skripsi\main_rainfall_specialist.py", line 178, in preprocess_data
    df['Rain_2Days'] = df['RainDay_Lag_1'] & df['RainDay_Lag_2']
                       ~~~~~~~~~~~~~~~~~~~~^~~~~~~~~~~~~~~~~~~~~
  File "C:\Users\Astrea\AppData\Local\Packages\PythonSoftwareFoundation.Python.3.11_qbz5n2kfra8p0\LocalCache\local-packages\Python311\site-packages\pandas\core\ops\common.py", line 76, in new_method
    return method(self, other)
           ^^^^^^^^^^^^^^^^^^^
  File "C:\Users\Astrea\AppData\Local\Packages\PythonSoftwareFoundation.Python.3.11_qbz5n2kfra8p0\LocalCache\local-packages\Python311\site-packages\pandas\core\arraylike.py", line 70, in __and__
    return self._logical_method(other, operator.and_)
           ^^^^^^^^^^^^^^^^^^^^^^^^^^^^^^^^^^^^^^^^^^
  File "C:\Users\Astrea\AppData\Local\Packages\PythonSoftwareFoundation.Python.3.11_qbz5n2kfra8p0\LocalCache\local-packages\Python311\site-packages\pandas\core\series.py", line 6130, in _logical_method
    res_values = ops.logical_op(lvalues, rvalues, op)
                 ^^^^^^^^^^^^^^^^^^^^^^^^^^^^^^^^^^^^
  File "C:\Users\Astrea\AppData\Local\Packages\PythonSoftwareFoundation.Python.3.11_qbz5n2kfra8p0\LocalCache\local-packages\Python311\site-packages\pandas\core\ops\array_ops.py", line 454, in logical_op
    res_values = na_logical_op(lvalues, rvalues, op)
                 ^^^^^^^^^^^^^^^^^^^^^^^^^^^^^^^^^^^
  File "C:\Users\Astrea\AppData\Local\Packages\PythonSoftwareFoundation.Python.3.11_qbz5n2kfra8p0\LocalCache\local-packages\Python311\site-packages\pandas\core\ops\array_ops.py", line 369, in na_logical_op
    result = libops.vec_binop(x.ravel(), y.ravel(), op)
             ^^^^^^^^^^^^^^^^^^^^^^^^^^^^^^^^^^^^^^^^^^
  File "ops.pyx", line 252, in pandas._libs.ops.vec_binop
  File "ops.pyx", line 245, in pandas._libs.ops.vec_binop
TypeError: unsupported operand type(s) for &: 'float' and 'bool'

2025-05-19 23:00:36,727 - INFO - Loading data...
2025-05-19 23:00:36,735 - INFO - Initial data shape: (5295, 11)
2025-05-19 23:00:36,735 - INFO - 
Preprocessing data...
2025-05-19 23:00:36,735 - INFO - Starting specialized rainfall preprocessing...
2025-05-19 23:00:36,736 - INFO - Initial dataset size: 5295
2025-05-19 23:00:37,271 - INFO - 
Outliers removed: 52 rows
2025-05-19 23:00:37,273 - INFO - Dates with extreme rainfall (>100mm):
2025-05-19 23:00:37,273 - INFO - Date: 2010-01-15 00:00:00, Rainfall: 110.0mm
2025-05-19 23:00:37,274 - INFO - Date: 2010-02-20 00:00:00, Rainfall: 180.0mm
2025-05-19 23:00:37,275 - INFO - Date: 2011-02-05 00:00:00, Rainfall: 113.0mm
2025-05-19 23:00:37,275 - INFO - Date: 2011-02-06 00:00:00, Rainfall: 122.0mm
2025-05-19 23:00:37,276 - INFO - Date: 2012-03-15 00:00:00, Rainfall: 141.0mm
2025-05-19 23:00:37,276 - INFO - Date: 2012-05-13 00:00:00, Rainfall: 125.0mm
2025-05-19 23:00:37,276 - INFO - Date: 2013-01-02 00:00:00, Rainfall: 120.8mm
2025-05-19 23:00:37,278 - INFO - Date: 2013-01-04 00:00:00, Rainfall: 103.5mm
2025-05-19 23:00:37,279 - INFO - Date: 2014-01-13 00:00:00, Rainfall: 105.2mm
2025-05-19 23:00:37,279 - INFO - Date: 2014-04-08 00:00:00, Rainfall: 137.9mm
2025-05-19 23:00:37,280 - INFO - Date: 2014-12-06 00:00:00, Rainfall: 137.4mm
2025-05-19 23:00:37,280 - INFO - Date: 2014-12-07 00:00:00, Rainfall: 105.4mm
2025-05-19 23:00:37,280 - INFO - Date: 2015-01-22 00:00:00, Rainfall: 160.3mm
2025-05-19 23:00:37,281 - INFO - Date: 2015-03-03 00:00:00, Rainfall: 127.6mm
2025-05-19 23:00:37,281 - INFO - Date: 2015-12-18 00:00:00, Rainfall: 130.7mm
2025-05-19 23:00:37,282 - INFO - Date: 2015-12-19 00:00:00, Rainfall: 112.4mm
2025-05-19 23:00:37,282 - INFO - Date: 2016-01-22 00:00:00, Rainfall: 160.3mm
2025-05-19 23:00:37,282 - INFO - Date: 2016-02-28 00:00:00, Rainfall: 103.4mm
2025-05-19 23:00:37,282 - INFO - Date: 2016-10-10 00:00:00, Rainfall: 127.4mm
2025-05-19 23:00:37,283 - INFO - Date: 2016-10-25 00:00:00, Rainfall: 188.7mm
2025-05-19 23:00:37,283 - INFO - Date: 2016-12-13 00:00:00, Rainfall: 101.0mm
2025-05-19 23:00:37,283 - INFO - Date: 2016-12-30 00:00:00, Rainfall: 115.3mm
2025-05-19 23:00:37,284 - INFO - Date: 2017-01-26 00:00:00, Rainfall: 107.9mm
2025-05-19 23:00:37,284 - INFO - Date: 2017-02-17 00:00:00, Rainfall: 120.3mm
2025-05-19 23:00:37,284 - INFO - Date: 2017-12-13 00:00:00, Rainfall: 106.0mm
2025-05-19 23:00:37,285 - INFO - Date: 2017-12-20 00:00:00, Rainfall: 101.4mm
2025-05-19 23:00:37,285 - INFO - Date: 2017-12-21 00:00:00, Rainfall: 109.3mm
2025-05-19 23:00:37,285 - INFO - Date: 2017-12-22 00:00:00, Rainfall: 156.0mm
2025-05-19 23:00:37,285 - INFO - Date: 2018-01-12 00:00:00, Rainfall: 124.6mm
2025-05-19 23:00:37,285 - INFO - Date: 2018-01-13 00:00:00, Rainfall: 104.5mm
2025-05-19 23:00:37,285 - INFO - Date: 2018-02-16 00:00:00, Rainfall: 112.8mm
2025-05-19 23:00:37,286 - INFO - Date: 2018-03-14 00:00:00, Rainfall: 152.1mm
2025-05-19 23:00:37,286 - INFO - Date: 2018-12-23 00:00:00, Rainfall: 108.7mm
2025-05-19 23:00:37,286 - INFO - Date: 2018-12-28 00:00:00, Rainfall: 140.3mm
2025-05-19 23:00:37,287 - INFO - Date: 2019-04-29 00:00:00, Rainfall: 107.0mm
2025-05-19 23:00:37,287 - INFO - Date: 2020-05-22 00:00:00, Rainfall: 122.9mm
2025-05-19 23:00:37,288 - INFO - Date: 2021-01-16 00:00:00, Rainfall: 109.4mm
2025-05-19 23:00:37,288 - INFO - Date: 2021-01-19 00:00:00, Rainfall: 111.0mm
2025-05-19 23:00:37,288 - INFO - Date: 2021-01-25 00:00:00, Rainfall: 100.9mm
2025-05-19 23:00:37,289 - INFO - Date: 2021-03-10 00:00:00, Rainfall: 153.7mm
2025-05-19 23:00:37,289 - INFO - Date: 2021-04-02 00:00:00, Rainfall: 135.8mm
2025-05-19 23:00:37,289 - INFO - Date: 2021-12-06 00:00:00, Rainfall: 145.9mm
2025-05-19 23:00:37,290 - INFO - Date: 2021-12-07 00:00:00, Rainfall: 218.8mm
2025-05-19 23:00:37,290 - INFO - Date: 2022-01-01 00:00:00, Rainfall: 110.4mm
2025-05-19 23:00:37,290 - INFO - Date: 2022-01-20 00:00:00, Rainfall: 123.1mm
2025-05-19 23:00:37,291 - INFO - Date: 2022-02-21 00:00:00, Rainfall: 155.3mm
2025-05-19 23:00:37,291 - INFO - Date: 2022-05-27 00:00:00, Rainfall: 147.6mm
2025-05-19 23:00:37,291 - INFO - Date: 2022-10-07 00:00:00, Rainfall: 101.6mm
2025-05-19 23:00:37,293 - INFO - Date: 2022-12-28 00:00:00, Rainfall: 102.0mm
2025-05-19 23:00:37,293 - INFO - Date: 2023-02-02 00:00:00, Rainfall: 200.0mm
2025-05-19 23:00:37,293 - INFO - Date: 2023-02-13 00:00:00, Rainfall: 200.0mm
2025-05-19 23:00:37,294 - INFO - Date: 2023-02-14 00:00:00, Rainfall: 183.0mm
2025-05-19 23:00:37,326 - INFO - 
Rows dropped due to NaN values: 7
2025-05-19 23:00:37,330 - INFO - 
Feature set 'base' contains 8 features
2025-05-19 23:00:37,331 - INFO - Features: Tn, Tx, Tavg, RH_avg, ss, ff_x, ff_avg, ddd_x
2025-05-19 23:00:37,331 - INFO - 
Feature set 'enhanced' contains 23 features
2025-05-19 23:00:37,331 - INFO - 
Feature set 'rainfall_patterns' contains 37 features
2025-05-19 23:00:37,331 - INFO - 
Feature set 'all' contains 80 features
2025-05-19 23:00:37,332 - INFO - 
Final dataset size: 3650
2025-05-19 23:00:37,332 - INFO - Multi-day dataset size: 3647
2025-05-19 23:00:37,332 - INFO - Total base features: 8
2025-05-19 23:00:37,332 - INFO - Total enhanced features: 23
2025-05-19 23:00:37,332 - INFO - Total rainfall pattern features: 37
2025-05-19 23:00:37,334 - INFO - 
No NaN values remain in the dataset.
2025-05-19 23:00:37,334 - INFO - 
Training and evaluating models...
2025-05-19 23:00:37,334 - INFO - Starting enhanced training and evaluation...
2025-05-19 23:00:37,334 - INFO - 
Training models for Day 1 forecast...
2025-05-19 23:00:38,472 - INFO - Feature set 'base' results - RMSE: 12.3656, R²: 0.2452, Training time: 1.13s
2025-05-19 23:00:42,490 - INFO - Feature set 'enhanced' results - RMSE: 12.4688, R²: 0.2325, Training time: 4.01s
2025-05-19 23:00:48,082 - INFO - Feature set 'rainfall_patterns' results - RMSE: 12.1931, R²: 0.2661, Training time: 5.58s
2025-05-19 23:00:48,094 - ERROR - Error in model training: could not convert string to float: 'W '
2025-05-19 23:00:48,135 - ERROR - Traceback (most recent call last):
  File "D:\WORK\skripsi\main_rainfall_specialist.py", line 364, in train_and_evaluate
    X_train_scaled = self.scaler.fit_transform(X_train)
                     ^^^^^^^^^^^^^^^^^^^^^^^^^^^^^^^^^^
  File "C:\Users\Astrea\AppData\Local\Packages\PythonSoftwareFoundation.Python.3.11_qbz5n2kfra8p0\LocalCache\local-packages\Python311\site-packages\sklearn\utils\_set_output.py", line 140, in wrapped
    data_to_wrap = f(self, X, *args, **kwargs)
                   ^^^^^^^^^^^^^^^^^^^^^^^^^^^
  File "C:\Users\Astrea\AppData\Local\Packages\PythonSoftwareFoundation.Python.3.11_qbz5n2kfra8p0\LocalCache\local-packages\Python311\site-packages\sklearn\base.py", line 878, in fit_transform
    return self.fit(X, **fit_params).transform(X)
           ^^^^^^^^^^^^^^^^^^^^^^^^^
  File "C:\Users\Astrea\AppData\Local\Packages\PythonSoftwareFoundation.Python.3.11_qbz5n2kfra8p0\LocalCache\local-packages\Python311\site-packages\sklearn\preprocessing\_data.py", line 824, in fit
    return self.partial_fit(X, y, sample_weight)
           ^^^^^^^^^^^^^^^^^^^^^^^^^^^^^^^^^^^^^
  File "C:\Users\Astrea\AppData\Local\Packages\PythonSoftwareFoundation.Python.3.11_qbz5n2kfra8p0\LocalCache\local-packages\Python311\site-packages\sklearn\preprocessing\_data.py", line 861, in partial_fit
    X = self._validate_data(
        ^^^^^^^^^^^^^^^^^^^^
  File "C:\Users\Astrea\AppData\Local\Packages\PythonSoftwareFoundation.Python.3.11_qbz5n2kfra8p0\LocalCache\local-packages\Python311\site-packages\sklearn\base.py", line 565, in _validate_data
    X = check_array(X, input_name="X", **check_params)
        ^^^^^^^^^^^^^^^^^^^^^^^^^^^^^^^^^^^^^^^^^^^^^^
  File "C:\Users\Astrea\AppData\Local\Packages\PythonSoftwareFoundation.Python.3.11_qbz5n2kfra8p0\LocalCache\local-packages\Python311\site-packages\sklearn\utils\validation.py", line 879, in check_array
    array = _asarray_with_order(array, order=order, dtype=dtype, xp=xp)
            ^^^^^^^^^^^^^^^^^^^^^^^^^^^^^^^^^^^^^^^^^^^^^^^^^^^^^^^^^^^
  File "C:\Users\Astrea\AppData\Local\Packages\PythonSoftwareFoundation.Python.3.11_qbz5n2kfra8p0\LocalCache\local-packages\Python311\site-packages\sklearn\utils\_array_api.py", line 185, in _asarray_with_order
    array = numpy.asarray(array, order=order, dtype=dtype)
            ^^^^^^^^^^^^^^^^^^^^^^^^^^^^^^^^^^^^^^^^^^^^^^
ValueError: could not convert string to float: 'W '

2025-05-19 23:00:48,136 - ERROR - An error occurred: could not convert string to float: 'W '
2025-05-19 23:00:48,137 - ERROR - Traceback (most recent call last):
  File "D:\WORK\skripsi\main_rainfall_specialist.py", line 547, in main
    best_models = predictor.train_and_evaluate(df_multi_day)
                  ^^^^^^^^^^^^^^^^^^^^^^^^^^^^^^^^^^^^^^^^^^
  File "D:\WORK\skripsi\main_rainfall_specialist.py", line 364, in train_and_evaluate
    X_train_scaled = self.scaler.fit_transform(X_train)
                     ^^^^^^^^^^^^^^^^^^^^^^^^^^^^^^^^^^
  File "C:\Users\Astrea\AppData\Local\Packages\PythonSoftwareFoundation.Python.3.11_qbz5n2kfra8p0\LocalCache\local-packages\Python311\site-packages\sklearn\utils\_set_output.py", line 140, in wrapped
    data_to_wrap = f(self, X, *args, **kwargs)
                   ^^^^^^^^^^^^^^^^^^^^^^^^^^^
  File "C:\Users\Astrea\AppData\Local\Packages\PythonSoftwareFoundation.Python.3.11_qbz5n2kfra8p0\LocalCache\local-packages\Python311\site-packages\sklearn\base.py", line 878, in fit_transform
    return self.fit(X, **fit_params).transform(X)
           ^^^^^^^^^^^^^^^^^^^^^^^^^
  File "C:\Users\Astrea\AppData\Local\Packages\PythonSoftwareFoundation.Python.3.11_qbz5n2kfra8p0\LocalCache\local-packages\Python311\site-packages\sklearn\preprocessing\_data.py", line 824, in fit
    return self.partial_fit(X, y, sample_weight)
           ^^^^^^^^^^^^^^^^^^^^^^^^^^^^^^^^^^^^^
  File "C:\Users\Astrea\AppData\Local\Packages\PythonSoftwareFoundation.Python.3.11_qbz5n2kfra8p0\LocalCache\local-packages\Python311\site-packages\sklearn\preprocessing\_data.py", line 861, in partial_fit
    X = self._validate_data(
        ^^^^^^^^^^^^^^^^^^^^
  File "C:\Users\Astrea\AppData\Local\Packages\PythonSoftwareFoundation.Python.3.11_qbz5n2kfra8p0\LocalCache\local-packages\Python311\site-packages\sklearn\base.py", line 565, in _validate_data
    X = check_array(X, input_name="X", **check_params)
        ^^^^^^^^^^^^^^^^^^^^^^^^^^^^^^^^^^^^^^^^^^^^^^
  File "C:\Users\Astrea\AppData\Local\Packages\PythonSoftwareFoundation.Python.3.11_qbz5n2kfra8p0\LocalCache\local-packages\Python311\site-packages\sklearn\utils\validation.py", line 879, in check_array
    array = _asarray_with_order(array, order=order, dtype=dtype, xp=xp)
            ^^^^^^^^^^^^^^^^^^^^^^^^^^^^^^^^^^^^^^^^^^^^^^^^^^^^^^^^^^^
  File "C:\Users\Astrea\AppData\Local\Packages\PythonSoftwareFoundation.Python.3.11_qbz5n2kfra8p0\LocalCache\local-packages\Python311\site-packages\sklearn\utils\_array_api.py", line 185, in _asarray_with_order
    array = numpy.asarray(array, order=order, dtype=dtype)
            ^^^^^^^^^^^^^^^^^^^^^^^^^^^^^^^^^^^^^^^^^^^^^^
ValueError: could not convert string to float: 'W '

2025-05-19 23:02:33,766 - INFO - Loading data...
2025-05-19 23:02:33,777 - INFO - Initial data shape: (5295, 11)
2025-05-19 23:02:33,777 - INFO - 
Preprocessing data...
2025-05-19 23:02:33,778 - INFO - Starting specialized rainfall preprocessing...
2025-05-19 23:02:33,778 - INFO - Initial dataset size: 5295
2025-05-19 23:02:35,062 - INFO - 
Outliers removed: 52 rows
2025-05-19 23:02:35,062 - INFO - Dates with extreme rainfall (>100mm):
2025-05-19 23:02:35,062 - INFO - Date: 2010-01-15 00:00:00, Rainfall: 110.0mm
2025-05-19 23:02:35,064 - INFO - Date: 2010-02-20 00:00:00, Rainfall: 180.0mm
2025-05-19 23:02:35,064 - INFO - Date: 2011-02-05 00:00:00, Rainfall: 113.0mm
2025-05-19 23:02:35,064 - INFO - Date: 2011-02-06 00:00:00, Rainfall: 122.0mm
2025-05-19 23:02:35,064 - INFO - Date: 2012-03-15 00:00:00, Rainfall: 141.0mm
2025-05-19 23:02:35,064 - INFO - Date: 2012-05-13 00:00:00, Rainfall: 125.0mm
2025-05-19 23:02:35,065 - INFO - Date: 2013-01-02 00:00:00, Rainfall: 120.8mm
2025-05-19 23:02:35,065 - INFO - Date: 2013-01-04 00:00:00, Rainfall: 103.5mm
2025-05-19 23:02:35,065 - INFO - Date: 2014-01-13 00:00:00, Rainfall: 105.2mm
2025-05-19 23:02:35,065 - INFO - Date: 2014-04-08 00:00:00, Rainfall: 137.9mm
2025-05-19 23:02:35,066 - INFO - Date: 2014-12-06 00:00:00, Rainfall: 137.4mm
2025-05-19 23:02:35,066 - INFO - Date: 2014-12-07 00:00:00, Rainfall: 105.4mm
2025-05-19 23:02:35,066 - INFO - Date: 2015-01-22 00:00:00, Rainfall: 160.3mm
2025-05-19 23:02:35,067 - INFO - Date: 2015-03-03 00:00:00, Rainfall: 127.6mm
2025-05-19 23:02:35,067 - INFO - Date: 2015-12-18 00:00:00, Rainfall: 130.7mm
2025-05-19 23:02:35,068 - INFO - Date: 2015-12-19 00:00:00, Rainfall: 112.4mm
2025-05-19 23:02:35,068 - INFO - Date: 2016-01-22 00:00:00, Rainfall: 160.3mm
2025-05-19 23:02:35,068 - INFO - Date: 2016-02-28 00:00:00, Rainfall: 103.4mm
2025-05-19 23:02:35,069 - INFO - Date: 2016-10-10 00:00:00, Rainfall: 127.4mm
2025-05-19 23:02:35,069 - INFO - Date: 2016-10-25 00:00:00, Rainfall: 188.7mm
2025-05-19 23:02:35,069 - INFO - Date: 2016-12-13 00:00:00, Rainfall: 101.0mm
2025-05-19 23:02:35,070 - INFO - Date: 2016-12-30 00:00:00, Rainfall: 115.3mm
2025-05-19 23:02:35,070 - INFO - Date: 2017-01-26 00:00:00, Rainfall: 107.9mm
2025-05-19 23:02:35,070 - INFO - Date: 2017-02-17 00:00:00, Rainfall: 120.3mm
2025-05-19 23:02:35,070 - INFO - Date: 2017-12-13 00:00:00, Rainfall: 106.0mm
2025-05-19 23:02:35,071 - INFO - Date: 2017-12-20 00:00:00, Rainfall: 101.4mm
2025-05-19 23:02:35,071 - INFO - Date: 2017-12-21 00:00:00, Rainfall: 109.3mm
2025-05-19 23:02:35,071 - INFO - Date: 2017-12-22 00:00:00, Rainfall: 156.0mm
2025-05-19 23:02:35,071 - INFO - Date: 2018-01-12 00:00:00, Rainfall: 124.6mm
2025-05-19 23:02:35,072 - INFO - Date: 2018-01-13 00:00:00, Rainfall: 104.5mm
2025-05-19 23:02:35,072 - INFO - Date: 2018-02-16 00:00:00, Rainfall: 112.8mm
2025-05-19 23:02:35,072 - INFO - Date: 2018-03-14 00:00:00, Rainfall: 152.1mm
2025-05-19 23:02:35,072 - INFO - Date: 2018-12-23 00:00:00, Rainfall: 108.7mm
2025-05-19 23:02:35,072 - INFO - Date: 2018-12-28 00:00:00, Rainfall: 140.3mm
2025-05-19 23:02:35,073 - INFO - Date: 2019-04-29 00:00:00, Rainfall: 107.0mm
2025-05-19 23:02:35,073 - INFO - Date: 2020-05-22 00:00:00, Rainfall: 122.9mm
2025-05-19 23:02:35,073 - INFO - Date: 2021-01-16 00:00:00, Rainfall: 109.4mm
2025-05-19 23:02:35,074 - INFO - Date: 2021-01-19 00:00:00, Rainfall: 111.0mm
2025-05-19 23:02:35,074 - INFO - Date: 2021-01-25 00:00:00, Rainfall: 100.9mm
2025-05-19 23:02:35,074 - INFO - Date: 2021-03-10 00:00:00, Rainfall: 153.7mm
2025-05-19 23:02:35,074 - INFO - Date: 2021-04-02 00:00:00, Rainfall: 135.8mm
2025-05-19 23:02:35,074 - INFO - Date: 2021-12-06 00:00:00, Rainfall: 145.9mm
2025-05-19 23:02:35,075 - INFO - Date: 2021-12-07 00:00:00, Rainfall: 218.8mm
2025-05-19 23:02:35,076 - INFO - Date: 2022-01-01 00:00:00, Rainfall: 110.4mm
2025-05-19 23:02:35,076 - INFO - Date: 2022-01-20 00:00:00, Rainfall: 123.1mm
2025-05-19 23:02:35,076 - INFO - Date: 2022-02-21 00:00:00, Rainfall: 155.3mm
2025-05-19 23:02:35,076 - INFO - Date: 2022-05-27 00:00:00, Rainfall: 147.6mm
2025-05-19 23:02:35,077 - INFO - Date: 2022-10-07 00:00:00, Rainfall: 101.6mm
2025-05-19 23:02:35,077 - INFO - Date: 2022-12-28 00:00:00, Rainfall: 102.0mm
2025-05-19 23:02:35,077 - INFO - Date: 2023-02-02 00:00:00, Rainfall: 200.0mm
2025-05-19 23:02:35,077 - INFO - Date: 2023-02-13 00:00:00, Rainfall: 200.0mm
2025-05-19 23:02:35,077 - INFO - Date: 2023-02-14 00:00:00, Rainfall: 183.0mm
2025-05-19 23:02:35,078 - ERROR - Error in preprocessing: name 'wind_dir_map' is not defined
2025-05-19 23:02:35,127 - ERROR - Traceback (most recent call last):
  File "D:\WORK\skripsi\main_rainfall_specialist.py", line 102, in preprocess_data
    df['ddd_car_deg'] = df['ddd_car'].apply(
                        ^^^^^^^^^^^^^^^^^^^^
  File "C:\Users\Astrea\AppData\Local\Packages\PythonSoftwareFoundation.Python.3.11_qbz5n2kfra8p0\LocalCache\local-packages\Python311\site-packages\pandas\core\series.py", line 4924, in apply
    ).apply()
      ^^^^^^^
  File "C:\Users\Astrea\AppData\Local\Packages\PythonSoftwareFoundation.Python.3.11_qbz5n2kfra8p0\LocalCache\local-packages\Python311\site-packages\pandas\core\apply.py", line 1427, in apply
    return self.apply_standard()
           ^^^^^^^^^^^^^^^^^^^^^
  File "C:\Users\Astrea\AppData\Local\Packages\PythonSoftwareFoundation.Python.3.11_qbz5n2kfra8p0\LocalCache\local-packages\Python311\site-packages\pandas\core\apply.py", line 1507, in apply_standard
    mapped = obj._map_values(
             ^^^^^^^^^^^^^^^^
  File "C:\Users\Astrea\AppData\Local\Packages\PythonSoftwareFoundation.Python.3.11_qbz5n2kfra8p0\LocalCache\local-packages\Python311\site-packages\pandas\core\base.py", line 921, in _map_values
    return algorithms.map_array(arr, mapper, na_action=na_action, convert=convert)
           ^^^^^^^^^^^^^^^^^^^^^^^^^^^^^^^^^^^^^^^^^^^^^^^^^^^^^^^^^^^^^^^^^^^^^^^
  File "C:\Users\Astrea\AppData\Local\Packages\PythonSoftwareFoundation.Python.3.11_qbz5n2kfra8p0\LocalCache\local-packages\Python311\site-packages\pandas\core\algorithms.py", line 1743, in map_array
    return lib.map_infer(values, mapper, convert=convert)
           ^^^^^^^^^^^^^^^^^^^^^^^^^^^^^^^^^^^^^^^^^^^^^^
  File "lib.pyx", line 2972, in pandas._libs.lib.map_infer
  File "D:\WORK\skripsi\main_rainfall_specialist.py", line 103, in <lambda>
    lambda x: wind_dir_map.get(str(x).strip().upper(), np.nan) if pd.notna(x) else np.nan
              ^^^^^^^^^^^^
NameError: name 'wind_dir_map' is not defined

2025-05-19 23:02:35,127 - ERROR - An error occurred: name 'wind_dir_map' is not defined
2025-05-19 23:02:35,128 - ERROR - Traceback (most recent call last):
  File "D:\WORK\skripsi\main_rainfall_specialist.py", line 538, in main
    df_processed, df_multi_day = predictor.preprocess_data(df)
                                 ^^^^^^^^^^^^^^^^^^^^^^^^^^^^^
  File "D:\WORK\skripsi\main_rainfall_specialist.py", line 102, in preprocess_data
    df['ddd_car_deg'] = df['ddd_car'].apply(
                        ^^^^^^^^^^^^^^^^^^^^
  File "C:\Users\Astrea\AppData\Local\Packages\PythonSoftwareFoundation.Python.3.11_qbz5n2kfra8p0\LocalCache\local-packages\Python311\site-packages\pandas\core\series.py", line 4924, in apply
    ).apply()
      ^^^^^^^
  File "C:\Users\Astrea\AppData\Local\Packages\PythonSoftwareFoundation.Python.3.11_qbz5n2kfra8p0\LocalCache\local-packages\Python311\site-packages\pandas\core\apply.py", line 1427, in apply
    return self.apply_standard()
           ^^^^^^^^^^^^^^^^^^^^^
  File "C:\Users\Astrea\AppData\Local\Packages\PythonSoftwareFoundation.Python.3.11_qbz5n2kfra8p0\LocalCache\local-packages\Python311\site-packages\pandas\core\apply.py", line 1507, in apply_standard
    mapped = obj._map_values(
             ^^^^^^^^^^^^^^^^
  File "C:\Users\Astrea\AppData\Local\Packages\PythonSoftwareFoundation.Python.3.11_qbz5n2kfra8p0\LocalCache\local-packages\Python311\site-packages\pandas\core\base.py", line 921, in _map_values
    return algorithms.map_array(arr, mapper, na_action=na_action, convert=convert)
           ^^^^^^^^^^^^^^^^^^^^^^^^^^^^^^^^^^^^^^^^^^^^^^^^^^^^^^^^^^^^^^^^^^^^^^^
  File "C:\Users\Astrea\AppData\Local\Packages\PythonSoftwareFoundation.Python.3.11_qbz5n2kfra8p0\LocalCache\local-packages\Python311\site-packages\pandas\core\algorithms.py", line 1743, in map_array
    return lib.map_infer(values, mapper, convert=convert)
           ^^^^^^^^^^^^^^^^^^^^^^^^^^^^^^^^^^^^^^^^^^^^^^
  File "lib.pyx", line 2972, in pandas._libs.lib.map_infer
  File "D:\WORK\skripsi\main_rainfall_specialist.py", line 103, in <lambda>
    lambda x: wind_dir_map.get(str(x).strip().upper(), np.nan) if pd.notna(x) else np.nan
              ^^^^^^^^^^^^
NameError: name 'wind_dir_map' is not defined

2025-05-19 23:04:18,057 - INFO - Loading data...
2025-05-19 23:04:18,065 - INFO - Initial data shape: (5295, 11)
2025-05-19 23:04:18,067 - INFO - 
Preprocessing data...
2025-05-19 23:04:18,067 - INFO - Starting specialized rainfall preprocessing...
2025-05-19 23:04:18,068 - INFO - Initial dataset size: 5295
2025-05-19 23:04:18,595 - INFO - 
Outliers removed: 52 rows
2025-05-19 23:04:18,595 - INFO - Dates with extreme rainfall (>100mm):
2025-05-19 23:04:18,595 - INFO - Date: 2010-01-15 00:00:00, Rainfall: 110.0mm
2025-05-19 23:04:18,596 - INFO - Date: 2010-02-20 00:00:00, Rainfall: 180.0mm
2025-05-19 23:04:18,596 - INFO - Date: 2011-02-05 00:00:00, Rainfall: 113.0mm
2025-05-19 23:04:18,597 - INFO - Date: 2011-02-06 00:00:00, Rainfall: 122.0mm
2025-05-19 23:04:18,597 - INFO - Date: 2012-03-15 00:00:00, Rainfall: 141.0mm
2025-05-19 23:04:18,598 - INFO - Date: 2012-05-13 00:00:00, Rainfall: 125.0mm
2025-05-19 23:04:18,598 - INFO - Date: 2013-01-02 00:00:00, Rainfall: 120.8mm
2025-05-19 23:04:18,599 - INFO - Date: 2013-01-04 00:00:00, Rainfall: 103.5mm
2025-05-19 23:04:18,599 - INFO - Date: 2014-01-13 00:00:00, Rainfall: 105.2mm
2025-05-19 23:04:18,599 - INFO - Date: 2014-04-08 00:00:00, Rainfall: 137.9mm
2025-05-19 23:04:18,600 - INFO - Date: 2014-12-06 00:00:00, Rainfall: 137.4mm
2025-05-19 23:04:18,600 - INFO - Date: 2014-12-07 00:00:00, Rainfall: 105.4mm
2025-05-19 23:04:18,600 - INFO - Date: 2015-01-22 00:00:00, Rainfall: 160.3mm
2025-05-19 23:04:18,602 - INFO - Date: 2015-03-03 00:00:00, Rainfall: 127.6mm
2025-05-19 23:04:18,602 - INFO - Date: 2015-12-18 00:00:00, Rainfall: 130.7mm
2025-05-19 23:04:18,602 - INFO - Date: 2015-12-19 00:00:00, Rainfall: 112.4mm
2025-05-19 23:04:18,603 - INFO - Date: 2016-01-22 00:00:00, Rainfall: 160.3mm
2025-05-19 23:04:18,603 - INFO - Date: 2016-02-28 00:00:00, Rainfall: 103.4mm
2025-05-19 23:04:18,603 - INFO - Date: 2016-10-10 00:00:00, Rainfall: 127.4mm
2025-05-19 23:04:18,604 - INFO - Date: 2016-10-25 00:00:00, Rainfall: 188.7mm
2025-05-19 23:04:18,604 - INFO - Date: 2016-12-13 00:00:00, Rainfall: 101.0mm
2025-05-19 23:04:18,604 - INFO - Date: 2016-12-30 00:00:00, Rainfall: 115.3mm
2025-05-19 23:04:18,604 - INFO - Date: 2017-01-26 00:00:00, Rainfall: 107.9mm
2025-05-19 23:04:18,604 - INFO - Date: 2017-02-17 00:00:00, Rainfall: 120.3mm
2025-05-19 23:04:18,605 - INFO - Date: 2017-12-13 00:00:00, Rainfall: 106.0mm
2025-05-19 23:04:18,605 - INFO - Date: 2017-12-20 00:00:00, Rainfall: 101.4mm
2025-05-19 23:04:18,605 - INFO - Date: 2017-12-21 00:00:00, Rainfall: 109.3mm
2025-05-19 23:04:18,606 - INFO - Date: 2017-12-22 00:00:00, Rainfall: 156.0mm
2025-05-19 23:04:18,606 - INFO - Date: 2018-01-12 00:00:00, Rainfall: 124.6mm
2025-05-19 23:04:18,607 - INFO - Date: 2018-01-13 00:00:00, Rainfall: 104.5mm
2025-05-19 23:04:18,607 - INFO - Date: 2018-02-16 00:00:00, Rainfall: 112.8mm
2025-05-19 23:04:18,607 - INFO - Date: 2018-03-14 00:00:00, Rainfall: 152.1mm
2025-05-19 23:04:18,607 - INFO - Date: 2018-12-23 00:00:00, Rainfall: 108.7mm
2025-05-19 23:04:18,608 - INFO - Date: 2018-12-28 00:00:00, Rainfall: 140.3mm
2025-05-19 23:04:18,608 - INFO - Date: 2019-04-29 00:00:00, Rainfall: 107.0mm
2025-05-19 23:04:18,608 - INFO - Date: 2020-05-22 00:00:00, Rainfall: 122.9mm
2025-05-19 23:04:18,609 - INFO - Date: 2021-01-16 00:00:00, Rainfall: 109.4mm
2025-05-19 23:04:18,609 - INFO - Date: 2021-01-19 00:00:00, Rainfall: 111.0mm
2025-05-19 23:04:18,610 - INFO - Date: 2021-01-25 00:00:00, Rainfall: 100.9mm
2025-05-19 23:04:18,610 - INFO - Date: 2021-03-10 00:00:00, Rainfall: 153.7mm
2025-05-19 23:04:18,610 - INFO - Date: 2021-04-02 00:00:00, Rainfall: 135.8mm
2025-05-19 23:04:18,611 - INFO - Date: 2021-12-06 00:00:00, Rainfall: 145.9mm
2025-05-19 23:04:18,611 - INFO - Date: 2021-12-07 00:00:00, Rainfall: 218.8mm
2025-05-19 23:04:18,611 - INFO - Date: 2022-01-01 00:00:00, Rainfall: 110.4mm
2025-05-19 23:04:18,612 - INFO - Date: 2022-01-20 00:00:00, Rainfall: 123.1mm
2025-05-19 23:04:18,612 - INFO - Date: 2022-02-21 00:00:00, Rainfall: 155.3mm
2025-05-19 23:04:18,612 - INFO - Date: 2022-05-27 00:00:00, Rainfall: 147.6mm
2025-05-19 23:04:18,613 - INFO - Date: 2022-10-07 00:00:00, Rainfall: 101.6mm
2025-05-19 23:04:18,613 - INFO - Date: 2022-12-28 00:00:00, Rainfall: 102.0mm
2025-05-19 23:04:18,613 - INFO - Date: 2023-02-02 00:00:00, Rainfall: 200.0mm
2025-05-19 23:04:18,614 - INFO - Date: 2023-02-13 00:00:00, Rainfall: 200.0mm
2025-05-19 23:04:18,614 - INFO - Date: 2023-02-14 00:00:00, Rainfall: 183.0mm
2025-05-19 23:04:18,652 - INFO - 
Rows dropped due to NaN values: 7
2025-05-19 23:04:18,655 - INFO - 
Feature set 'base' contains 8 features
2025-05-19 23:04:18,656 - INFO - Features: Tn, Tx, Tavg, RH_avg, ss, ff_x, ff_avg, ddd_x
2025-05-19 23:04:18,656 - INFO - 
Feature set 'enhanced' contains 23 features
2025-05-19 23:04:18,656 - INFO - 
Feature set 'rainfall_patterns' contains 37 features
2025-05-19 23:04:18,656 - INFO - 
Feature set 'all' contains 80 features
2025-05-19 23:04:18,656 - INFO - 
Final dataset size: 3650
2025-05-19 23:04:18,657 - INFO - Multi-day dataset size: 3647
2025-05-19 23:04:18,657 - INFO - Total base features: 8
2025-05-19 23:04:18,657 - INFO - Total enhanced features: 23
2025-05-19 23:04:18,657 - INFO - Total rainfall pattern features: 37
2025-05-19 23:04:18,659 - INFO - 
No NaN values remain in the dataset.
2025-05-19 23:04:18,659 - INFO - 
Training and evaluating models...
2025-05-19 23:04:18,659 - INFO - Starting enhanced training and evaluation...
2025-05-19 23:04:18,660 - INFO - 
Training models for Day 1 forecast...
2025-05-19 23:04:19,838 - INFO - Feature set 'base' results - RMSE: 12.3656, R²: 0.2452, Training time: 1.17s
2025-05-19 23:04:23,574 - INFO - Feature set 'enhanced' results - RMSE: 12.4688, R²: 0.2325, Training time: 3.73s
2025-05-19 23:04:28,777 - INFO - Feature set 'rainfall_patterns' results - RMSE: 12.1931, R²: 0.2661, Training time: 5.19s
2025-05-19 23:04:28,795 - ERROR - Error in model training: could not convert string to float: 'W '
2025-05-19 23:04:28,800 - ERROR - Traceback (most recent call last):
  File "D:\WORK\skripsi\main_rainfall_specialist.py", line 368, in train_and_evaluate
    X_train_scaled = self.scaler.fit_transform(X_train)
                     ^^^^^^^^^^^^^^^^^^^^^^^^^^^^^^^^^^
  File "C:\Users\Astrea\AppData\Local\Packages\PythonSoftwareFoundation.Python.3.11_qbz5n2kfra8p0\LocalCache\local-packages\Python311\site-packages\sklearn\utils\_set_output.py", line 140, in wrapped
    data_to_wrap = f(self, X, *args, **kwargs)
                   ^^^^^^^^^^^^^^^^^^^^^^^^^^^
  File "C:\Users\Astrea\AppData\Local\Packages\PythonSoftwareFoundation.Python.3.11_qbz5n2kfra8p0\LocalCache\local-packages\Python311\site-packages\sklearn\base.py", line 878, in fit_transform
    return self.fit(X, **fit_params).transform(X)
           ^^^^^^^^^^^^^^^^^^^^^^^^^
  File "C:\Users\Astrea\AppData\Local\Packages\PythonSoftwareFoundation.Python.3.11_qbz5n2kfra8p0\LocalCache\local-packages\Python311\site-packages\sklearn\preprocessing\_data.py", line 824, in fit
    return self.partial_fit(X, y, sample_weight)
           ^^^^^^^^^^^^^^^^^^^^^^^^^^^^^^^^^^^^^
  File "C:\Users\Astrea\AppData\Local\Packages\PythonSoftwareFoundation.Python.3.11_qbz5n2kfra8p0\LocalCache\local-packages\Python311\site-packages\sklearn\preprocessing\_data.py", line 861, in partial_fit
    X = self._validate_data(
        ^^^^^^^^^^^^^^^^^^^^
  File "C:\Users\Astrea\AppData\Local\Packages\PythonSoftwareFoundation.Python.3.11_qbz5n2kfra8p0\LocalCache\local-packages\Python311\site-packages\sklearn\base.py", line 565, in _validate_data
    X = check_array(X, input_name="X", **check_params)
        ^^^^^^^^^^^^^^^^^^^^^^^^^^^^^^^^^^^^^^^^^^^^^^
  File "C:\Users\Astrea\AppData\Local\Packages\PythonSoftwareFoundation.Python.3.11_qbz5n2kfra8p0\LocalCache\local-packages\Python311\site-packages\sklearn\utils\validation.py", line 879, in check_array
    array = _asarray_with_order(array, order=order, dtype=dtype, xp=xp)
            ^^^^^^^^^^^^^^^^^^^^^^^^^^^^^^^^^^^^^^^^^^^^^^^^^^^^^^^^^^^
  File "C:\Users\Astrea\AppData\Local\Packages\PythonSoftwareFoundation.Python.3.11_qbz5n2kfra8p0\LocalCache\local-packages\Python311\site-packages\sklearn\utils\_array_api.py", line 185, in _asarray_with_order
    array = numpy.asarray(array, order=order, dtype=dtype)
            ^^^^^^^^^^^^^^^^^^^^^^^^^^^^^^^^^^^^^^^^^^^^^^
ValueError: could not convert string to float: 'W '

2025-05-19 23:04:28,801 - ERROR - An error occurred: could not convert string to float: 'W '
2025-05-19 23:04:28,802 - ERROR - Traceback (most recent call last):
  File "D:\WORK\skripsi\main_rainfall_specialist.py", line 551, in main
    best_models = predictor.train_and_evaluate(df_multi_day)
                  ^^^^^^^^^^^^^^^^^^^^^^^^^^^^^^^^^^^^^^^^^^
  File "D:\WORK\skripsi\main_rainfall_specialist.py", line 368, in train_and_evaluate
    X_train_scaled = self.scaler.fit_transform(X_train)
                     ^^^^^^^^^^^^^^^^^^^^^^^^^^^^^^^^^^
  File "C:\Users\Astrea\AppData\Local\Packages\PythonSoftwareFoundation.Python.3.11_qbz5n2kfra8p0\LocalCache\local-packages\Python311\site-packages\sklearn\utils\_set_output.py", line 140, in wrapped
    data_to_wrap = f(self, X, *args, **kwargs)
                   ^^^^^^^^^^^^^^^^^^^^^^^^^^^
  File "C:\Users\Astrea\AppData\Local\Packages\PythonSoftwareFoundation.Python.3.11_qbz5n2kfra8p0\LocalCache\local-packages\Python311\site-packages\sklearn\base.py", line 878, in fit_transform
    return self.fit(X, **fit_params).transform(X)
           ^^^^^^^^^^^^^^^^^^^^^^^^^
  File "C:\Users\Astrea\AppData\Local\Packages\PythonSoftwareFoundation.Python.3.11_qbz5n2kfra8p0\LocalCache\local-packages\Python311\site-packages\sklearn\preprocessing\_data.py", line 824, in fit
    return self.partial_fit(X, y, sample_weight)
           ^^^^^^^^^^^^^^^^^^^^^^^^^^^^^^^^^^^^^
  File "C:\Users\Astrea\AppData\Local\Packages\PythonSoftwareFoundation.Python.3.11_qbz5n2kfra8p0\LocalCache\local-packages\Python311\site-packages\sklearn\preprocessing\_data.py", line 861, in partial_fit
    X = self._validate_data(
        ^^^^^^^^^^^^^^^^^^^^
  File "C:\Users\Astrea\AppData\Local\Packages\PythonSoftwareFoundation.Python.3.11_qbz5n2kfra8p0\LocalCache\local-packages\Python311\site-packages\sklearn\base.py", line 565, in _validate_data
    X = check_array(X, input_name="X", **check_params)
        ^^^^^^^^^^^^^^^^^^^^^^^^^^^^^^^^^^^^^^^^^^^^^^
  File "C:\Users\Astrea\AppData\Local\Packages\PythonSoftwareFoundation.Python.3.11_qbz5n2kfra8p0\LocalCache\local-packages\Python311\site-packages\sklearn\utils\validation.py", line 879, in check_array
    array = _asarray_with_order(array, order=order, dtype=dtype, xp=xp)
            ^^^^^^^^^^^^^^^^^^^^^^^^^^^^^^^^^^^^^^^^^^^^^^^^^^^^^^^^^^^
  File "C:\Users\Astrea\AppData\Local\Packages\PythonSoftwareFoundation.Python.3.11_qbz5n2kfra8p0\LocalCache\local-packages\Python311\site-packages\sklearn\utils\_array_api.py", line 185, in _asarray_with_order
    array = numpy.asarray(array, order=order, dtype=dtype)
            ^^^^^^^^^^^^^^^^^^^^^^^^^^^^^^^^^^^^^^^^^^^^^^
ValueError: could not convert string to float: 'W '

2025-05-19 23:06:03,438 - INFO - Loading data...
2025-05-19 23:06:03,446 - INFO - Initial data shape: (5295, 11)
2025-05-19 23:06:03,446 - INFO - 
Preprocessing data...
2025-05-19 23:06:03,446 - INFO - Starting specialized rainfall preprocessing...
2025-05-19 23:06:03,446 - INFO - Initial dataset size: 5295
2025-05-19 23:06:04,474 - INFO - 
Outliers removed: 52 rows
2025-05-19 23:06:04,474 - INFO - Dates with extreme rainfall (>100mm):
2025-05-19 23:06:04,475 - INFO - Date: 2010-01-15 00:00:00, Rainfall: 110.0mm
2025-05-19 23:06:04,475 - INFO - Date: 2010-02-20 00:00:00, Rainfall: 180.0mm
2025-05-19 23:06:04,476 - INFO - Date: 2011-02-05 00:00:00, Rainfall: 113.0mm
2025-05-19 23:06:04,476 - INFO - Date: 2011-02-06 00:00:00, Rainfall: 122.0mm
2025-05-19 23:06:04,476 - INFO - Date: 2012-03-15 00:00:00, Rainfall: 141.0mm
2025-05-19 23:06:04,476 - INFO - Date: 2012-05-13 00:00:00, Rainfall: 125.0mm
2025-05-19 23:06:04,477 - INFO - Date: 2013-01-02 00:00:00, Rainfall: 120.8mm
2025-05-19 23:06:04,477 - INFO - Date: 2013-01-04 00:00:00, Rainfall: 103.5mm
2025-05-19 23:06:04,478 - INFO - Date: 2014-01-13 00:00:00, Rainfall: 105.2mm
2025-05-19 23:06:04,478 - INFO - Date: 2014-04-08 00:00:00, Rainfall: 137.9mm
2025-05-19 23:06:04,478 - INFO - Date: 2014-12-06 00:00:00, Rainfall: 137.4mm
2025-05-19 23:06:04,479 - INFO - Date: 2014-12-07 00:00:00, Rainfall: 105.4mm
2025-05-19 23:06:04,479 - INFO - Date: 2015-01-22 00:00:00, Rainfall: 160.3mm
2025-05-19 23:06:04,479 - INFO - Date: 2015-03-03 00:00:00, Rainfall: 127.6mm
2025-05-19 23:06:04,480 - INFO - Date: 2015-12-18 00:00:00, Rainfall: 130.7mm
2025-05-19 23:06:04,480 - INFO - Date: 2015-12-19 00:00:00, Rainfall: 112.4mm
2025-05-19 23:06:04,480 - INFO - Date: 2016-01-22 00:00:00, Rainfall: 160.3mm
2025-05-19 23:06:04,481 - INFO - Date: 2016-02-28 00:00:00, Rainfall: 103.4mm
2025-05-19 23:06:04,481 - INFO - Date: 2016-10-10 00:00:00, Rainfall: 127.4mm
2025-05-19 23:06:04,481 - INFO - Date: 2016-10-25 00:00:00, Rainfall: 188.7mm
2025-05-19 23:06:04,481 - INFO - Date: 2016-12-13 00:00:00, Rainfall: 101.0mm
2025-05-19 23:06:04,482 - INFO - Date: 2016-12-30 00:00:00, Rainfall: 115.3mm
2025-05-19 23:06:04,482 - INFO - Date: 2017-01-26 00:00:00, Rainfall: 107.9mm
2025-05-19 23:06:04,482 - INFO - Date: 2017-02-17 00:00:00, Rainfall: 120.3mm
2025-05-19 23:06:04,483 - INFO - Date: 2017-12-13 00:00:00, Rainfall: 106.0mm
2025-05-19 23:06:04,483 - INFO - Date: 2017-12-20 00:00:00, Rainfall: 101.4mm
2025-05-19 23:06:04,483 - INFO - Date: 2017-12-21 00:00:00, Rainfall: 109.3mm
2025-05-19 23:06:04,483 - INFO - Date: 2017-12-22 00:00:00, Rainfall: 156.0mm
2025-05-19 23:06:04,484 - INFO - Date: 2018-01-12 00:00:00, Rainfall: 124.6mm
2025-05-19 23:06:04,484 - INFO - Date: 2018-01-13 00:00:00, Rainfall: 104.5mm
2025-05-19 23:06:04,484 - INFO - Date: 2018-02-16 00:00:00, Rainfall: 112.8mm
2025-05-19 23:06:04,484 - INFO - Date: 2018-03-14 00:00:00, Rainfall: 152.1mm
2025-05-19 23:06:04,484 - INFO - Date: 2018-12-23 00:00:00, Rainfall: 108.7mm
2025-05-19 23:06:04,485 - INFO - Date: 2018-12-28 00:00:00, Rainfall: 140.3mm
2025-05-19 23:06:04,485 - INFO - Date: 2019-04-29 00:00:00, Rainfall: 107.0mm
2025-05-19 23:06:04,485 - INFO - Date: 2020-05-22 00:00:00, Rainfall: 122.9mm
2025-05-19 23:06:04,486 - INFO - Date: 2021-01-16 00:00:00, Rainfall: 109.4mm
2025-05-19 23:06:04,486 - INFO - Date: 2021-01-19 00:00:00, Rainfall: 111.0mm
2025-05-19 23:06:04,486 - INFO - Date: 2021-01-25 00:00:00, Rainfall: 100.9mm
2025-05-19 23:06:04,487 - INFO - Date: 2021-03-10 00:00:00, Rainfall: 153.7mm
2025-05-19 23:06:04,487 - INFO - Date: 2021-04-02 00:00:00, Rainfall: 135.8mm
2025-05-19 23:06:04,487 - INFO - Date: 2021-12-06 00:00:00, Rainfall: 145.9mm
2025-05-19 23:06:04,487 - INFO - Date: 2021-12-07 00:00:00, Rainfall: 218.8mm
2025-05-19 23:06:04,488 - INFO - Date: 2022-01-01 00:00:00, Rainfall: 110.4mm
2025-05-19 23:06:04,488 - INFO - Date: 2022-01-20 00:00:00, Rainfall: 123.1mm
2025-05-19 23:06:04,488 - INFO - Date: 2022-02-21 00:00:00, Rainfall: 155.3mm
2025-05-19 23:06:04,488 - INFO - Date: 2022-05-27 00:00:00, Rainfall: 147.6mm
2025-05-19 23:06:04,488 - INFO - Date: 2022-10-07 00:00:00, Rainfall: 101.6mm
2025-05-19 23:06:04,489 - INFO - Date: 2022-12-28 00:00:00, Rainfall: 102.0mm
2025-05-19 23:06:04,489 - INFO - Date: 2023-02-02 00:00:00, Rainfall: 200.0mm
2025-05-19 23:06:04,489 - INFO - Date: 2023-02-13 00:00:00, Rainfall: 200.0mm
2025-05-19 23:06:04,489 - INFO - Date: 2023-02-14 00:00:00, Rainfall: 183.0mm
2025-05-19 23:06:04,523 - INFO - 
Rows dropped due to NaN values: 7
2025-05-19 23:06:04,526 - INFO - 
Feature set 'base' contains 9 features
2025-05-19 23:06:04,526 - INFO - Features: Tn, Tx, Tavg, RH_avg, ss, ff_x, ff_avg, Wind_Dir_Sin, Wind_Dir_Cos
2025-05-19 23:06:04,528 - INFO - 
Feature set 'enhanced' contains 24 features
2025-05-19 23:06:04,528 - INFO - 
Feature set 'rainfall_patterns' contains 40 features
2025-05-19 23:06:04,528 - INFO - 
Feature set 'all' contains 77 features
2025-05-19 23:06:04,528 - INFO - 
Final dataset size: 3650
2025-05-19 23:06:04,529 - INFO - Multi-day dataset size: 3647
2025-05-19 23:06:04,529 - INFO - Total base features: 7
2025-05-19 23:06:04,529 - INFO - Total enhanced features: 24
2025-05-19 23:06:04,529 - INFO - Total rainfall pattern features: 40
2025-05-19 23:06:04,531 - INFO - 
No NaN values remain in the dataset.
2025-05-19 23:06:04,531 - INFO - 
Training and evaluating models...
2025-05-19 23:06:04,531 - INFO - Starting enhanced training and evaluation...
2025-05-19 23:06:04,532 - INFO - 
Training models for Day 1 forecast...
2025-05-19 23:06:05,687 - INFO - Feature set 'base' results - RMSE: 12.4591, R²: 0.2337, Training time: 1.15s
2025-05-19 23:06:09,191 - INFO - Feature set 'enhanced' results - RMSE: 12.5686, R²: 0.2202, Training time: 3.50s
2025-05-19 23:06:14,614 - INFO - Feature set 'rainfall_patterns' results - RMSE: 12.4012, R²: 0.2408, Training time: 5.41s
2025-05-19 23:06:26,181 - INFO - Feature set 'all' results - RMSE: 12.1463, R²: 0.2717, Training time: 11.54s
2025-05-19 23:06:26,182 - INFO - 
Best model for Day 1 uses 'all' feature set
2025-05-19 23:06:26,182 - INFO - Best R²: 0.2717, RMSE: 12.1463
2025-05-19 23:06:26,364 - INFO - 
Training models for Day 2 forecast...
2025-05-19 23:06:27,508 - INFO - Feature set 'base' results - RMSE: 14.3260, R²: -0.0132, Training time: 1.13s
2025-05-19 23:06:31,201 - INFO - Feature set 'enhanced' results - RMSE: 14.3444, R²: -0.0158, Training time: 3.69s
2025-05-19 23:06:36,768 - INFO - Feature set 'rainfall_patterns' results - RMSE: 14.3238, R²: -0.0129, Training time: 5.55s
2025-05-19 23:06:48,246 - INFO - Feature set 'all' results - RMSE: 14.4217, R²: -0.0267, Training time: 11.45s
2025-05-19 23:06:48,246 - INFO - 
Best model for Day 2 uses 'rainfall_patterns' feature set
2025-05-19 23:06:48,247 - INFO - Best R²: -0.0129, RMSE: 14.3238
2025-05-19 23:06:48,436 - INFO - 
Training models for Day 3 forecast...
2025-05-19 23:06:49,596 - INFO - Feature set 'base' results - RMSE: 14.4280, R²: -0.0278, Training time: 1.15s
2025-05-19 23:06:53,183 - INFO - Feature set 'enhanced' results - RMSE: 14.2273, R²: 0.0006, Training time: 3.58s
2025-05-19 23:06:58,686 - INFO - Feature set 'rainfall_patterns' results - RMSE: 14.0294, R²: 0.0282, Training time: 5.49s
2025-05-19 23:07:10,157 - INFO - Feature set 'all' results - RMSE: 14.3118, R²: -0.0114, Training time: 11.44s
2025-05-19 23:07:10,157 - INFO - 
Best model for Day 3 uses 'rainfall_patterns' feature set
2025-05-19 23:07:10,157 - INFO - Best R²: 0.0282, RMSE: 14.0294
2025-05-19 23:07:10,365 - INFO - 
Best models saved to rainfall_specialist\models\best_models_20250519_230603.pkl
2025-05-19 23:07:10,368 - INFO - Metrics saved to rainfall_specialist\metrics\metrics_20250519_230603.csv
2025-05-19 23:07:10,370 - INFO - Detailed report saved to rainfall_specialist\metrics\report_20250519_230603.txt
2025-05-19 23:07:10,372 - INFO - 
Rainfall prediction specialist completed successfully!
